---
source: src/lib/ra_lexer/src/tests.rs
expression: tokens
---
[
  {
    "kind": "HashPound",
    "len": 1,
    "content": "#",
    "position": [
      [
        1,
        0
      ],
      [
        1,
        1
      ]
    ],
    "level": 1
  },
  {
    "kind": {
      "Identifier": "annotation"
    },
    "len": 10,
    "content": "annotation",
    "position": [
      [
        1,
        1
      ],
      [
        1,
        11
      ]
    ],
    "level": 1
  },
  {
    "kind": "Comment",
    "len": 21,
    "content": " this is annotation",
    "position": [
      [
        1,
        12
      ],
      [
        1,
        33
      ]
    ],
    "level": 1
  },
  {
    "kind": "HashPound",
    "len": 1,
    "content": "#",
    "position": [
      [
        3,
        0
      ],
      [
        3,
        1
      ]
    ],
    "level": 1
  },
  {
    "kind": {
      "Identifier": "media_context"
    },
    "len": 13,
    "content": "media_context",
    "position": [
      [
        3,
        1
      ],
      [
        3,
        14
      ]
    ],
    "level": 1
  },
  {
    "kind": "Colon",
    "len": 1,
    "content": ":",
    "position": [
      [
        3,
        14
      ],
      [
        3,
        15
      ]
    ],
    "level": 1
  },
  {
    "kind": {
      "Identifier": "media_option"
    },
    "len": 12,
    "content": "media_option",
    "position": [
      [
        3,
        15
      ],
      [
        3,
        27
      ]
    ],
    "level": 1
  },
  {
    "kind": "Comment",
    "len": 43,
    "content": " ...[:media_option] more options possible",
    "position": [
      [
        3,
        28
      ],
      [
        3,
        71
      ]
    ],
    "level": 1
  },
  {
    "kind": "HashPound",
    "len": 1,
    "content": "#",
    "position": [
      [
        5,
        0
      ],
      [
        5,
        1
      ]
    ],
    "level": 1
  },
  {
    "kind": {
      "Identifier": "annotation"
    },
    "len": 10,
    "content": "annotation",
    "position": [
      [
        5,
        1
      ],
      [
        5,
        11
      ]
    ],
    "level": 1
  },
  {
    "kind": "Colon",
    "len": 1,
    "content": ":",
    "position": [
      [
        5,
        11
      ],
      [
        5,
        12
      ]
    ],
    "level": 1
  },
  {
    "kind": {
      "Identifier": "option_a"
    },
    "len": 8,
    "content": "option_a",
    "position": [
      [
        5,
        12
      ],
      [
        5,
        20
      ]
    ],
    "level": 1
  },
  {
    "kind": "Colon",
    "len": 1,
    "content": ":",
    "position": [
      [
        5,
        20
      ],
      [
        5,
        21
      ]
    ],
    "level": 1
  },
  {
    "kind": {
      "Identifier": "option_b"
    },
    "len": 8,
    "content": "option_b",
    "position": [
      [
        5,
        21
      ],
      [
        5,
        29
      ]
    ],
    "level": 1
  },
  {
    "kind": "Colon",
    "len": 1,
    "content": ":",
    "position": [
      [
        5,
        29
      ],
      [
        5,
        30
      ]
    ],
    "level": 1
  },
  {
    "kind": {
      "Identifier": "option_c"
    },
    "len": 8,
    "content": "option_c",
    "position": [
      [
        5,
        30
      ],
      [
        5,
        38
      ]
    ],
    "level": 1
  },
  {
    "kind": "Colon",
    "len": 1,
    "content": ":",
    "position": [
      [
        5,
        38
      ],
      [
        5,
        39
      ]
    ],
    "level": 1
  },
  {
    "kind": {
      "Identifier": "option_d"
    },
    "len": 8,
    "content": "option_d",
    "position": [
      [
        5,
        39
      ],
      [
        5,
        47
      ]
    ],
    "level": 1
  }
]
