---
source: src/lib/ra_lexer/src/tests.rs
expression: tokens
---
[
  {
    "kind": {
      "Identifier": "first_level"
    },
    "position": [
      [
        1,
        1
      ],
      [
        2,
        4
      ]
    ],
    "level": 1
  },
  {
    "kind": {
      "Identifier": "first_level_child"
    },
    "position": [
      [
        2,
        5
      ],
      [
        3,
        8
      ]
    ],
    "level": 2
  },
  {
    "kind": {
      "Identifier": "first_level_child_child"
    },
    "position": [
      [
        3,
        9
      ],
      [
        4,
        4
      ]
    ],
    "level": 2
  },
  {
    "kind": {
      "Identifier": "first_level_2nd_child"
    },
    "position": [
      [
        4,
        5
      ],
      [
        5,
        8
      ]
    ],
    "level": 1
  },
  {
    "kind": {
      "Identifier": "first_level_2nd_child_child"
    },
    "position": [
      [
        5,
        9
      ],
      [
        6,
        0
      ]
    ],
    "level": 2
  },
  {
    "kind": {
      "Identifier": "another_first_level"
    },
    "position": [
      [
        6,
        1
      ],
      [
        7,
        4
      ]
    ],
    "level": 1
  },
  {
    "kind": {
      "Identifier": "another_first_level_child"
    },
    "position": [
      [
        7,
        5
      ],
      [
        8,
        8
      ]
    ],
    "level": 1
  },
  {
    "kind": {
      "Identifier": "another_first_level_child_child"
    },
    "position": [
      [
        8,
        9
      ],
      [
        9,
        0
      ]
    ],
    "level": 2
  },
  {
    "kind": {
      "Identifier": "L1"
    },
    "position": [
      [
        10,
        1
      ],
      [
        11,
        4
      ]
    ],
    "level": 1
  },
  {
    "kind": {
      "Identifier": "L2_1"
    },
    "position": [
      [
        11,
        5
      ],
      [
        12,
        8
      ]
    ],
    "level": 1
  },
  {
    "kind": {
      "Identifier": "L3_1"
    },
    "position": [
      [
        12,
        9
      ],
      [
        13,
        8
      ]
    ],
    "level": 2
  },
  {
    "kind": {
      "Identifier": "L3_2"
    },
    "position": [
      [
        13,
        9
      ],
      [
        14,
        4
      ]
    ],
    "level": 2
  },
  {
    "kind": {
      "Identifier": "L2_1"
    },
    "position": [
      [
        14,
        5
      ],
      [
        15,
        4
      ]
    ],
    "level": 1
  },
  {
    "kind": {
      "Identifier": "L2_2"
    },
    "position": [
      [
        15,
        5
      ],
      [
        16,
        8
      ]
    ],
    "level": 1
  },
  {
    "kind": {
      "Identifier": "L3_3"
    },
    "position": [
      [
        16,
        9
      ],
      [
        17,
        12
      ]
    ],
    "level": 2
  },
  {
    "kind": {
      "Identifier": "L4"
    },
    "position": [
      [
        17,
        13
      ],
      [
        18,
        16
      ]
    ],
    "level": 3
  },
  {
    "kind": {
      "Identifier": "L5"
    },
    "position": [
      [
        18,
        17
      ],
      [
        19,
        20
      ]
    ],
    "level": 5
  },
  {
    "kind": {
      "Identifier": "L6"
    },
    "position": [
      [
        19,
        21
      ],
      [
        19,
        22
      ]
    ],
    "level": 6
  }
]
