---
source: src/lib/ra_lexer/src/tests.rs
expression: tokens
---
[]
