---
source: src/lib/ra_lexer/src/tests.rs
expression: tokens
---
[
  {
    "kind": "Comment",
    "len": 60,
    "content": " this file is my todo list and also should render like one",
    "position": [
      [
        1,
        0
      ],
      [
        1,
        60
      ]
    ],
    "level": 1
  },
  {
    "kind": {
      "Identifier": "parseBlocks"
    },
    "len": 11,
    "content": "parseBlocks",
    "position": [
      [
        3,
        0
      ],
      [
        3,
        11
      ]
    ],
    "level": 1
  },
  {
    "kind": "Greater",
    "len": 1,
    "content": ">",
    "position": [
      [
        4,
        0
      ],
      [
        4,
        1
      ]
    ],
    "level": 1
  },
  {
    "kind": "Exclamation",
    "len": 1,
    "content": "!",
    "position": [
      [
        5,
        4
      ],
      [
        5,
        5
      ]
    ],
    "level": 2
  },
  {
    "kind": {
      "Identifier": "choice"
    },
    "len": 6,
    "content": "choice",
    "position": [
      [
        5,
        5
      ],
      [
        5,
        11
      ]
    ],
    "level": 2
  },
  {
    "kind": "Colon",
    "len": 1,
    "content": ":",
    "position": [
      [
        5,
        11
      ],
      [
        5,
        12
      ]
    ],
    "level": 2
  },
  {
    "kind": {
      "Identifier": "multiple"
    },
    "len": 8,
    "content": "multiple",
    "position": [
      [
        5,
        12
      ],
      [
        5,
        20
      ]
    ],
    "level": 2
  },
  {
    "kind": "Exclamation",
    "len": 1,
    "content": "!",
    "position": [
      [
        6,
        4
      ],
      [
        6,
        5
      ]
    ],
    "level": 2
  },
  {
    "kind": {
      "Identifier": "options"
    },
    "len": 7,
    "content": "options",
    "position": [
      [
        6,
        5
      ],
      [
        6,
        12
      ]
    ],
    "level": 2
  },
  {
    "kind": "Colon",
    "len": 1,
    "content": ":",
    "position": [
      [
        6,
        12
      ],
      [
        6,
        13
      ]
    ],
    "level": 2
  },
  {
    "kind": "ContentBlock",
    "len": 14,
    "content": "parse blocks",
    "position": [
      [
        7,
        8
      ],
      [
        7,
        22
      ]
    ],
    "level": 3
  },
  {
    "kind": "ContentBlock",
    "len": 26,
    "content": "and funny chars too ðŸ˜ ",
    "position": [
      [
        8,
        8
      ],
      [
        8,
        31
      ]
    ],
    "level": 3
  },
  {
    "kind": "ContentBlock",
    "len": 5,
    "content": "â‚°",
    "position": [
      [
        9,
        8
      ],
      [
        9,
        11
      ]
    ],
    "level": 3
  },
  {
    "kind": "ContentBlock",
    "len": 4,
    "content": "Ï¿",
    "position": [
      [
        10,
        8
      ],
      [
        10,
        11
      ]
    ],
    "level": 3
  },
  {
    "kind": {
      "Identifier": "parseDifferentTypesOfBlocks"
    },
    "len": 27,
    "content": "parseDifferentTypesOfBlocks",
    "position": [
      [
        12,
        0
      ],
      [
        12,
        27
      ]
    ],
    "level": 1
  },
  {
    "kind": "Greater",
    "len": 1,
    "content": ">",
    "position": [
      [
        13,
        0
      ],
      [
        13,
        1
      ]
    ],
    "level": 1
  },
  {
    "kind": "Exclamation",
    "len": 1,
    "content": "!",
    "position": [
      [
        14,
        4
      ],
      [
        14,
        5
      ]
    ],
    "level": 2
  },
  {
    "kind": {
      "Identifier": "choice"
    },
    "len": 6,
    "content": "choice",
    "position": [
      [
        14,
        5
      ],
      [
        14,
        11
      ]
    ],
    "level": 2
  },
  {
    "kind": "Colon",
    "len": 1,
    "content": ":",
    "position": [
      [
        14,
        11
      ],
      [
        14,
        12
      ]
    ],
    "level": 2
  },
  {
    "kind": {
      "Identifier": "multiple"
    },
    "len": 8,
    "content": "multiple",
    "position": [
      [
        14,
        12
      ],
      [
        14,
        20
      ]
    ],
    "level": 2
  },
  {
    "kind": "Exclamation",
    "len": 1,
    "content": "!",
    "position": [
      [
        15,
        4
      ],
      [
        15,
        5
      ]
    ],
    "level": 2
  },
  {
    "kind": {
      "Identifier": "options"
    },
    "len": 7,
    "content": "options",
    "position": [
      [
        15,
        5
      ],
      [
        15,
        12
      ]
    ],
    "level": 2
  },
  {
    "kind": "Colon",
    "len": 1,
    "content": ":",
    "position": [
      [
        15,
        12
      ],
      [
        15,
        13
      ]
    ],
    "level": 2
  },
  {
    "kind": "ContentBlock",
    "len": 10,
    "content": "comments",
    "position": [
      [
        16,
        8
      ],
      [
        16,
        18
      ]
    ],
    "level": 3
  },
  {
    "kind": "ContentBlock",
    "len": 17,
    "content": "var declaration",
    "position": [
      [
        17,
        8
      ],
      [
        17,
        25
      ]
    ],
    "level": 3
  },
  {
    "kind": "ContentBlock",
    "len": 18,
    "content": "rule declaration",
    "position": [
      [
        18,
        8
      ],
      [
        18,
        26
      ]
    ],
    "level": 3
  },
  {
    "kind": "ContentBlock",
    "len": 14,
    "content": "applied rule",
    "position": [
      [
        19,
        8
      ],
      [
        19,
        22
      ]
    ],
    "level": 3
  },
  {
    "kind": "ContentBlock",
    "len": 13,
    "content": "input block",
    "position": [
      [
        20,
        8
      ],
      [
        20,
        21
      ]
    ],
    "level": 3
  },
  {
    "kind": "ContentBlock",
    "len": 18,
    "content": "context switches",
    "position": [
      [
        21,
        8
      ],
      [
        21,
        26
      ]
    ],
    "level": 3
  },
  {
    "kind": "ContentBlock",
    "len": 15,
    "content": "content block",
    "position": [
      [
        22,
        8
      ],
      [
        22,
        23
      ]
    ],
    "level": 3
  },
  {
    "kind": {
      "Identifier": "generateRuntime"
    },
    "len": 15,
    "content": "generateRuntime",
    "position": [
      [
        24,
        0
      ],
      [
        24,
        15
      ]
    ],
    "level": 1
  },
  {
    "kind": "Greater",
    "len": 1,
    "content": ">",
    "position": [
      [
        25,
        0
      ],
      [
        25,
        1
      ]
    ],
    "level": 1
  },
  {
    "kind": "Exclamation",
    "len": 1,
    "content": "!",
    "position": [
      [
        26,
        4
      ],
      [
        26,
        5
      ]
    ],
    "level": 2
  },
  {
    "kind": {
      "Identifier": "choice"
    },
    "len": 6,
    "content": "choice",
    "position": [
      [
        26,
        5
      ],
      [
        26,
        11
      ]
    ],
    "level": 2
  },
  {
    "kind": "Colon",
    "len": 1,
    "content": ":",
    "position": [
      [
        26,
        11
      ],
      [
        26,
        12
      ]
    ],
    "level": 2
  },
  {
    "kind": {
      "Identifier": "multiple"
    },
    "len": 8,
    "content": "multiple",
    "position": [
      [
        26,
        12
      ],
      [
        26,
        20
      ]
    ],
    "level": 2
  },
  {
    "kind": "Exclamation",
    "len": 1,
    "content": "!",
    "position": [
      [
        27,
        4
      ],
      [
        27,
        5
      ]
    ],
    "level": 2
  },
  {
    "kind": {
      "Identifier": "options"
    },
    "len": 7,
    "content": "options",
    "position": [
      [
        27,
        5
      ],
      [
        27,
        12
      ]
    ],
    "level": 2
  },
  {
    "kind": "Colon",
    "len": 1,
    "content": ":",
    "position": [
      [
        27,
        12
      ],
      [
        27,
        13
      ]
    ],
    "level": 2
  },
  {
    "kind": "ContentBlock",
    "len": 16,
    "content": "render content",
    "position": [
      [
        28,
        8
      ],
      [
        28,
        24
      ]
    ],
    "level": 3
  },
  {
    "kind": "ContentBlock",
    "len": 15,
    "content": "render inputs",
    "position": [
      [
        29,
        8
      ],
      [
        29,
        23
      ]
    ],
    "level": 3
  },
  {
    "kind": "ContentBlock",
    "len": 62,
    "content": "group inputs as long as there no dependency on previous step",
    "position": [
      [
        30,
        8
      ],
      [
        30,
        70
      ]
    ],
    "level": 3
  },
  {
    "kind": "ContentBlock",
    "len": 15,
    "content": "execute logic",
    "position": [
      [
        31,
        8
      ],
      [
        31,
        23
      ]
    ],
    "level": 3
  },
  {
    "kind": "ContentBlock",
    "len": 13,
    "content": "apply rules",
    "position": [
      [
        32,
        8
      ],
      [
        32,
        21
      ]
    ],
    "level": 3
  }
]
