---
source: src/lib/ra_lexer/src/tests.rs
expression: tokens
---
[
  {
    "kind": {
      "Identifier": "single_variable"
    },
    "len": 15,
    "content": "single_variable",
    "position": [
      [
        1,
        0
      ],
      [
        1,
        15
      ]
    ],
    "level": 1
  },
  {
    "kind": "Comment",
    "len": 25,
    "content": " just an empty variable",
    "position": [
      [
        1,
        16
      ],
      [
        1,
        41
      ]
    ],
    "level": 1
  },
  {
    "kind": {
      "Int": 1
    },
    "len": 1,
    "content": "1",
    "position": [
      [
        3,
        0
      ],
      [
        3,
        1
      ]
    ],
    "level": 1
  },
  {
    "kind": "Plus",
    "len": 1,
    "content": "+",
    "position": [
      [
        3,
        2
      ],
      [
        3,
        3
      ]
    ],
    "level": 1
  },
  {
    "kind": {
      "Int": 1
    },
    "len": 1,
    "content": "1",
    "position": [
      [
        3,
        4
      ],
      [
        3,
        5
      ]
    ],
    "level": 1
  },
  {
    "kind": "Comment",
    "len": 37,
    "content": " expression that has an output of 2",
    "position": [
      [
        3,
        6
      ],
      [
        3,
        43
      ]
    ],
    "level": 1
  },
  {
    "kind": {
      "Identifier": "assignment"
    },
    "len": 10,
    "content": "assignment",
    "position": [
      [
        5,
        0
      ],
      [
        5,
        10
      ]
    ],
    "level": 1
  },
  {
    "kind": "Comment",
    "len": 39,
    "content": " expression that has value 1 assigned",
    "position": [
      [
        5,
        11
      ],
      [
        5,
        50
      ]
    ],
    "level": 1
  },
  {
    "kind": {
      "Int": 1
    },
    "len": 1,
    "content": "1",
    "position": [
      [
        6,
        0
      ],
      [
        6,
        1
      ]
    ],
    "level": 1
  },
  {
    "kind": {
      "Identifier": "assignment"
    },
    "len": 10,
    "content": "assignment",
    "position": [
      [
        8,
        0
      ],
      [
        8,
        10
      ]
    ],
    "level": 1
  },
  {
    "kind": "Plus",
    "len": 1,
    "content": "+",
    "position": [
      [
        8,
        11
      ],
      [
        8,
        12
      ]
    ],
    "level": 1
  },
  {
    "kind": {
      "Int": 2
    },
    "len": 1,
    "content": "2",
    "position": [
      [
        8,
        13
      ],
      [
        8,
        14
      ]
    ],
    "level": 1
  },
  {
    "kind": "Comment",
    "len": 37,
    "content": " expression that has an output of 3",
    "position": [
      [
        8,
        15
      ],
      [
        8,
        52
      ]
    ],
    "level": 1
  },
  {
    "kind": {
      "Identifier": "nested_variable"
    },
    "len": 15,
    "content": "nested_variable",
    "position": [
      [
        10,
        0
      ],
      [
        10,
        15
      ]
    ],
    "level": 1
  },
  {
    "kind": "Comment",
    "len": 38,
    "content": " expression that has output assigned",
    "position": [
      [
        10,
        16
      ],
      [
        10,
        54
      ]
    ],
    "level": 1
  },
  {
    "kind": {
      "Identifier": "assignment"
    },
    "len": 10,
    "content": "assignment",
    "position": [
      [
        11,
        0
      ],
      [
        11,
        10
      ]
    ],
    "level": 1
  },
  {
    "kind": "Plus",
    "len": 1,
    "content": "+",
    "position": [
      [
        11,
        11
      ],
      [
        11,
        12
      ]
    ],
    "level": 1
  },
  {
    "kind": {
      "Int": 2
    },
    "len": 1,
    "content": "2",
    "position": [
      [
        11,
        13
      ],
      [
        11,
        14
      ]
    ],
    "level": 1
  },
  {
    "kind": "Comment",
    "len": 37,
    "content": " expression that has an output of 3",
    "position": [
      [
        11,
        15
      ],
      [
        11,
        52
      ]
    ],
    "level": 1
  },
  {
    "kind": {
      "Identifier": "assignment"
    },
    "len": 10,
    "content": "assignment",
    "position": [
      [
        13,
        0
      ],
      [
        13,
        10
      ]
    ],
    "level": 1
  },
  {
    "kind": "Pipe",
    "len": 1,
    "content": "|",
    "position": [
      [
        13,
        11
      ],
      [
        13,
        12
      ]
    ],
    "level": 1
  },
  {
    "kind": {
      "Identifier": "nested_variable"
    },
    "len": 15,
    "content": "nested_variable",
    "position": [
      [
        13,
        13
      ],
      [
        13,
        28
      ]
    ],
    "level": 1
  },
  {
    "kind": "Comment",
    "len": 24,
    "content": " logical expression OR",
    "position": [
      [
        13,
        29
      ],
      [
        13,
        53
      ]
    ],
    "level": 1
  },
  {
    "kind": {
      "Identifier": "assignment"
    },
    "len": 10,
    "content": "assignment",
    "position": [
      [
        15,
        0
      ],
      [
        15,
        10
      ]
    ],
    "level": 1
  },
  {
    "kind": "Greater",
    "len": 1,
    "content": ">",
    "position": [
      [
        15,
        11
      ],
      [
        15,
        12
      ]
    ],
    "level": 1
  },
  {
    "kind": {
      "Identifier": "nested_variable"
    },
    "len": 15,
    "content": "nested_variable",
    "position": [
      [
        15,
        13
      ],
      [
        15,
        28
      ]
    ],
    "level": 1
  },
  {
    "kind": "Comment",
    "len": 35,
    "content": " logical expression Comparison GT",
    "position": [
      [
        15,
        29
      ],
      [
        15,
        64
      ]
    ],
    "level": 1
  },
  {
    "kind": "OpenParentheses",
    "len": 1,
    "content": "(",
    "position": [
      [
        17,
        0
      ],
      [
        17,
        1
      ]
    ],
    "level": 1
  },
  {
    "kind": {
      "Int": 3
    },
    "len": 1,
    "content": "3",
    "position": [
      [
        17,
        1
      ],
      [
        17,
        2
      ]
    ],
    "level": 1
  },
  {
    "kind": "Asterisk",
    "len": 1,
    "content": "*",
    "position": [
      [
        17,
        2
      ],
      [
        17,
        3
      ]
    ],
    "level": 1
  },
  {
    "kind": {
      "Int": 5
    },
    "len": 1,
    "content": "5",
    "position": [
      [
        17,
        3
      ],
      [
        17,
        4
      ]
    ],
    "level": 1
  },
  {
    "kind": "CloseParentheses",
    "len": 1,
    "content": ")",
    "position": [
      [
        17,
        4
      ],
      [
        17,
        5
      ]
    ],
    "level": 1
  },
  {
    "kind": "Plus",
    "len": 1,
    "content": "+",
    "position": [
      [
        17,
        6
      ],
      [
        17,
        7
      ]
    ],
    "level": 1
  },
  {
    "kind": {
      "Int": 22
    },
    "len": 2,
    "content": "22",
    "position": [
      [
        17,
        8
      ],
      [
        17,
        10
      ]
    ],
    "level": 1
  },
  {
    "kind": "Comment",
    "len": 46,
    "content": " grouped expression that has an output of 37",
    "position": [
      [
        17,
        11
      ],
      [
        17,
        57
      ]
    ],
    "level": 1
  },
  {
    "kind": "OpenParentheses",
    "len": 1,
    "content": "(",
    "position": [
      [
        19,
        0
      ],
      [
        19,
        1
      ]
    ],
    "level": 1
  },
  {
    "kind": {
      "Identifier": "assignment"
    },
    "len": 10,
    "content": "assignment",
    "position": [
      [
        19,
        1
      ],
      [
        19,
        11
      ]
    ],
    "level": 1
  },
  {
    "kind": "Pipe",
    "len": 1,
    "content": "|",
    "position": [
      [
        19,
        12
      ],
      [
        19,
        13
      ]
    ],
    "level": 1
  },
  {
    "kind": {
      "Identifier": "nested_variable"
    },
    "len": 15,
    "content": "nested_variable",
    "position": [
      [
        19,
        14
      ],
      [
        19,
        29
      ]
    ],
    "level": 1
  },
  {
    "kind": "CloseParentheses",
    "len": 1,
    "content": ")",
    "position": [
      [
        19,
        29
      ],
      [
        19,
        30
      ]
    ],
    "level": 1
  },
  {
    "kind": "Plus",
    "len": 1,
    "content": "+",
    "position": [
      [
        19,
        31
      ],
      [
        19,
        32
      ]
    ],
    "level": 1
  },
  {
    "kind": {
      "Int": 3
    },
    "len": 1,
    "content": "3",
    "position": [
      [
        19,
        33
      ],
      [
        19,
        34
      ]
    ],
    "level": 1
  },
  {
    "kind": "Comment",
    "len": 65,
    "content": " grouped expression with logical expression, has an output of 6",
    "position": [
      [
        19,
        35
      ],
      [
        19,
        100
      ]
    ],
    "level": 1
  },
  {
    "kind": {
      "Int": 1
    },
    "len": 1,
    "content": "1",
    "position": [
      [
        21,
        0
      ],
      [
        21,
        1
      ]
    ],
    "level": 1
  },
  {
    "kind": "Plus",
    "len": 1,
    "content": "+",
    "position": [
      [
        21,
        2
      ],
      [
        21,
        3
      ]
    ],
    "level": 1
  },
  {
    "kind": {
      "Int": 1
    },
    "len": 1,
    "content": "1",
    "position": [
      [
        21,
        4
      ],
      [
        21,
        5
      ]
    ],
    "level": 1
  },
  {
    "kind": "Plus",
    "len": 1,
    "content": "+",
    "position": [
      [
        21,
        6
      ],
      [
        21,
        7
      ]
    ],
    "level": 1
  },
  {
    "kind": "OpenParentheses",
    "len": 1,
    "content": "(",
    "position": [
      [
        21,
        8
      ],
      [
        21,
        9
      ]
    ],
    "level": 1
  },
  {
    "kind": {
      "Int": 2
    },
    "len": 1,
    "content": "2",
    "position": [
      [
        21,
        9
      ],
      [
        21,
        10
      ]
    ],
    "level": 1
  },
  {
    "kind": "Asterisk",
    "len": 1,
    "content": "*",
    "position": [
      [
        21,
        10
      ],
      [
        21,
        11
      ]
    ],
    "level": 1
  },
  {
    "kind": {
      "Int": 2
    },
    "len": 1,
    "content": "2",
    "position": [
      [
        21,
        11
      ],
      [
        21,
        12
      ]
    ],
    "level": 1
  },
  {
    "kind": "CloseParentheses",
    "len": 1,
    "content": ")",
    "position": [
      [
        21,
        12
      ],
      [
        21,
        13
      ]
    ],
    "level": 1
  },
  {
    "kind": "Plus",
    "len": 1,
    "content": "+",
    "position": [
      [
        21,
        14
      ],
      [
        21,
        15
      ]
    ],
    "level": 1
  },
  {
    "kind": "OpenParentheses",
    "len": 1,
    "content": "(",
    "position": [
      [
        21,
        16
      ],
      [
        21,
        17
      ]
    ],
    "level": 1
  },
  {
    "kind": {
      "Int": 3
    },
    "len": 1,
    "content": "3",
    "position": [
      [
        21,
        17
      ],
      [
        21,
        18
      ]
    ],
    "level": 1
  },
  {
    "kind": "Asterisk",
    "len": 1,
    "content": "*",
    "position": [
      [
        21,
        18
      ],
      [
        21,
        19
      ]
    ],
    "level": 1
  },
  {
    "kind": "OpenParentheses",
    "len": 1,
    "content": "(",
    "position": [
      [
        21,
        19
      ],
      [
        21,
        20
      ]
    ],
    "level": 1
  },
  {
    "kind": {
      "Int": 2
    },
    "len": 1,
    "content": "2",
    "position": [
      [
        21,
        20
      ],
      [
        21,
        21
      ]
    ],
    "level": 1
  },
  {
    "kind": "Plus",
    "len": 1,
    "content": "+",
    "position": [
      [
        21,
        21
      ],
      [
        21,
        22
      ]
    ],
    "level": 1
  },
  {
    "kind": {
      "Int": 2
    },
    "len": 1,
    "content": "2",
    "position": [
      [
        21,
        22
      ],
      [
        21,
        23
      ]
    ],
    "level": 1
  },
  {
    "kind": "CloseParentheses",
    "len": 1,
    "content": ")",
    "position": [
      [
        21,
        23
      ],
      [
        21,
        24
      ]
    ],
    "level": 1
  },
  {
    "kind": "CloseParentheses",
    "len": 1,
    "content": ")",
    "position": [
      [
        21,
        24
      ],
      [
        21,
        25
      ]
    ],
    "level": 1
  },
  {
    "kind": "Minus",
    "len": 1,
    "content": "-",
    "position": [
      [
        21,
        26
      ],
      [
        21,
        27
      ]
    ],
    "level": 1
  },
  {
    "kind": {
      "Int": 18
    },
    "len": 2,
    "content": "18",
    "position": [
      [
        21,
        28
      ],
      [
        21,
        30
      ]
    ],
    "level": 1
  },
  {
    "kind": "Comment",
    "len": 40,
    "content": " bit more grouping, has an output of 0",
    "position": [
      [
        21,
        31
      ],
      [
        21,
        71
      ]
    ],
    "level": 1
  }
]
