---
source: src/lib/ra_lexer/src/tests.rs
expression: tokens
---
[
  {
    "kind": "OpenCurlyBrace",
    "len": 1,
    "content": "{",
    "position": [
      [
        2,
        0
      ],
      [
        2,
        1
      ]
    ],
    "level": 0
  },
  {
    "kind": {
      "Int": 1
    },
    "len": 1,
    "content": "1",
    "position": [
      [
        2,
        1
      ],
      [
        2,
        2
      ]
    ],
    "level": 0
  },
  {
    "kind": "Colon",
    "len": 1,
    "content": ":",
    "position": [
      [
        2,
        2
      ],
      [
        2,
        3
      ]
    ],
    "level": 0
  },
  {
    "kind": "OpenCurlyBrace",
    "len": 1,
    "content": "{",
    "position": [
      [
        2,
        3
      ],
      [
        2,
        4
      ]
    ],
    "level": 0
  },
  {
    "kind": {
      "Identifier": "recipe"
    },
    "len": 6,
    "content": "recipe",
    "position": [
      [
        3,
        4
      ],
      [
        3,
        10
      ]
    ],
    "level": 1
  },
  {
    "kind": "Dot",
    "len": 1,
    "content": ".",
    "position": [
      [
        3,
        10
      ],
      [
        3,
        11
      ]
    ],
    "level": 1
  },
  {
    "kind": {
      "Identifier": "publisher"
    },
    "len": 9,
    "content": "publisher",
    "position": [
      [
        3,
        11
      ],
      [
        3,
        20
      ]
    ],
    "level": 1
  },
  {
    "kind": "Equals",
    "len": 1,
    "content": "=",
    "position": [
      [
        3,
        21
      ],
      [
        3,
        22
      ]
    ],
    "level": 1
  },
  {
    "kind": "Equals",
    "len": 1,
    "content": "=",
    "position": [
      [
        3,
        22
      ],
      [
        3,
        23
      ]
    ],
    "level": 1
  },
  {
    "kind": {
      "Identifier": "user"
    },
    "len": 4,
    "content": "user",
    "position": [
      [
        3,
        24
      ],
      [
        3,
        28
      ]
    ],
    "level": 1
  },
  {
    "kind": "CloseCurlyBrace",
    "len": 1,
    "content": "}",
    "position": [
      [
        4,
        0
      ],
      [
        4,
        1
      ]
    ],
    "level": 0
  },
  {
    "kind": "CloseCurlyBrace",
    "len": 1,
    "content": "}",
    "position": [
      [
        4,
        1
      ],
      [
        4,
        2
      ]
    ],
    "level": 0
  },
  {
    "kind": {
      "Identifier": "recipe"
    },
    "len": 6,
    "content": "recipe",
    "position": [
      [
        6,
        0
      ],
      [
        6,
        6
      ]
    ],
    "level": 0
  },
  {
    "kind": {
      "Identifier": "publisher"
    },
    "len": 9,
    "content": "publisher",
    "position": [
      [
        7,
        4
      ],
      [
        7,
        13
      ]
    ],
    "level": 1
  },
  {
    "kind": {
      "Identifier": "user"
    },
    "len": 4,
    "content": "user",
    "position": [
      [
        8,
        8
      ],
      [
        8,
        12
      ]
    ],
    "level": 2
  },
  {
    "kind": {
      "Identifier": "name"
    },
    "len": 4,
    "content": "name",
    "position": [
      [
        9,
        4
      ],
      [
        9,
        8
      ]
    ],
    "level": 1
  },
  {
    "kind": "Greater",
    "len": 1,
    "content": ">",
    "position": [
      [
        9,
        9
      ],
      [
        9,
        10
      ]
    ],
    "level": 1
  },
  {
    "kind": "Colon",
    "len": 1,
    "content": ":",
    "position": [
      [
        9,
        11
      ],
      [
        9,
        12
      ]
    ],
    "level": 1
  },
  {
    "kind": {
      "Identifier": "placeholder"
    },
    "len": 11,
    "content": "placeholder",
    "position": [
      [
        9,
        12
      ],
      [
        9,
        23
      ]
    ],
    "level": 1
  },
  {
    "kind": "Equals",
    "len": 1,
    "content": "=",
    "position": [
      [
        9,
        23
      ],
      [
        9,
        24
      ]
    ],
    "level": 1
  },
  {
    "kind": "ContentBlock",
    "len": 6,
    "content": "Name",
    "position": [
      [
        9,
        24
      ],
      [
        9,
        30
      ]
    ],
    "level": 1
  },
  {
    "kind": "Exclamation",
    "len": 1,
    "content": "!",
    "position": [
      [
        10,
        12
      ],
      [
        10,
        13
      ]
    ],
    "level": 3
  },
  {
    "kind": {
      "Identifier": "required"
    },
    "len": 8,
    "content": "required",
    "position": [
      [
        10,
        13
      ],
      [
        10,
        21
      ]
    ],
    "level": 3
  },
  {
    "kind": "Exclamation",
    "len": 1,
    "content": "!",
    "position": [
      [
        11,
        12
      ],
      [
        11,
        13
      ]
    ],
    "level": 3
  },
  {
    "kind": {
      "Identifier": "text"
    },
    "len": 4,
    "content": "text",
    "position": [
      [
        11,
        13
      ],
      [
        11,
        17
      ]
    ],
    "level": 3
  },
  {
    "kind": "Exclamation",
    "len": 1,
    "content": "!",
    "position": [
      [
        12,
        12
      ],
      [
        12,
        13
      ]
    ],
    "level": 3
  },
  {
    "kind": {
      "Identifier": "maxLength"
    },
    "len": 9,
    "content": "maxLength",
    "position": [
      [
        12,
        13
      ],
      [
        12,
        22
      ]
    ],
    "level": 3
  },
  {
    "kind": "Colon",
    "len": 1,
    "content": ":",
    "position": [
      [
        12,
        22
      ],
      [
        12,
        23
      ]
    ],
    "level": 3
  },
  {
    "kind": {
      "Int": 100
    },
    "len": 3,
    "content": "100",
    "position": [
      [
        12,
        23
      ],
      [
        12,
        26
      ]
    ],
    "level": 3
  },
  {
    "kind": {
      "Identifier": "pictures"
    },
    "len": 8,
    "content": "pictures",
    "position": [
      [
        13,
        4
      ],
      [
        13,
        12
      ]
    ],
    "level": 1
  },
  {
    "kind": "Plus",
    "len": 1,
    "content": "+",
    "position": [
      [
        13,
        13
      ],
      [
        13,
        14
      ]
    ],
    "level": 1
  },
  {
    "kind": "Greater",
    "len": 1,
    "content": ">",
    "position": [
      [
        13,
        14
      ],
      [
        13,
        15
      ]
    ],
    "level": 1
  },
  {
    "kind": "Colon",
    "len": 1,
    "content": ":",
    "position": [
      [
        13,
        16
      ],
      [
        13,
        17
      ]
    ],
    "level": 1
  },
  {
    "kind": {
      "Identifier": "placeholder"
    },
    "len": 11,
    "content": "placeholder",
    "position": [
      [
        13,
        17
      ],
      [
        13,
        28
      ]
    ],
    "level": 1
  },
  {
    "kind": "Equals",
    "len": 1,
    "content": "=",
    "position": [
      [
        13,
        28
      ],
      [
        13,
        29
      ]
    ],
    "level": 1
  },
  {
    "kind": "At",
    "len": 1,
    "content": "@",
    "position": [
      [
        13,
        29
      ],
      [
        13,
        30
      ]
    ],
    "level": 1
  },
  {
    "kind": {
      "Identifier": "resources"
    },
    "len": 9,
    "content": "resources",
    "position": [
      [
        13,
        30
      ],
      [
        13,
        39
      ]
    ],
    "level": 1
  },
  {
    "kind": "Dot",
    "len": 1,
    "content": ".",
    "position": [
      [
        13,
        39
      ],
      [
        13,
        40
      ]
    ],
    "level": 1
  },
  {
    "kind": {
      "Identifier": "pictureLabel"
    },
    "len": 12,
    "content": "pictureLabel",
    "position": [
      [
        13,
        40
      ],
      [
        13,
        52
      ]
    ],
    "level": 1
  },
  {
    "kind": "Exclamation",
    "len": 1,
    "content": "!",
    "position": [
      [
        14,
        8
      ],
      [
        14,
        9
      ]
    ],
    "level": 2
  },
  {
    "kind": {
      "Identifier": "file"
    },
    "len": 4,
    "content": "file",
    "position": [
      [
        14,
        9
      ],
      [
        14,
        13
      ]
    ],
    "level": 2
  },
  {
    "kind": "Colon",
    "len": 1,
    "content": ":",
    "position": [
      [
        14,
        13
      ],
      [
        14,
        14
      ]
    ],
    "level": 2
  },
  {
    "kind": {
      "Identifier": "type"
    },
    "len": 4,
    "content": "type",
    "position": [
      [
        14,
        14
      ],
      [
        14,
        18
      ]
    ],
    "level": 2
  },
  {
    "kind": "Equals",
    "len": 1,
    "content": "=",
    "position": [
      [
        14,
        18
      ],
      [
        14,
        19
      ]
    ],
    "level": 2
  },
  {
    "kind": {
      "Identifier": "image"
    },
    "len": 5,
    "content": "image",
    "position": [
      [
        14,
        19
      ],
      [
        14,
        24
      ]
    ],
    "level": 2
  },
  {
    "kind": "Exclamation",
    "len": 1,
    "content": "!",
    "position": [
      [
        15,
        8
      ],
      [
        15,
        9
      ]
    ],
    "level": 2
  },
  {
    "kind": {
      "Identifier": "minCount"
    },
    "len": 8,
    "content": "minCount",
    "position": [
      [
        15,
        9
      ],
      [
        15,
        17
      ]
    ],
    "level": 2
  },
  {
    "kind": "Colon",
    "len": 1,
    "content": ":",
    "position": [
      [
        15,
        17
      ],
      [
        15,
        18
      ]
    ],
    "level": 2
  },
  {
    "kind": {
      "Int": 1
    },
    "len": 1,
    "content": "1",
    "position": [
      [
        15,
        18
      ],
      [
        15,
        19
      ]
    ],
    "level": 2
  },
  {
    "kind": {
      "Identifier": "ingredients"
    },
    "len": 11,
    "content": "ingredients",
    "position": [
      [
        16,
        4
      ],
      [
        16,
        15
      ]
    ],
    "level": 1
  },
  {
    "kind": "Plus",
    "len": 1,
    "content": "+",
    "position": [
      [
        17,
        8
      ],
      [
        17,
        9
      ]
    ],
    "level": 2
  },
  {
    "kind": {
      "Identifier": "ingredient"
    },
    "len": 10,
    "content": "ingredient",
    "position": [
      [
        17,
        10
      ],
      [
        17,
        20
      ]
    ],
    "level": 2
  },
  {
    "kind": {
      "Identifier": "name"
    },
    "len": 4,
    "content": "name",
    "position": [
      [
        18,
        12
      ],
      [
        18,
        16
      ]
    ],
    "level": 3
  },
  {
    "kind": "Greater",
    "len": 1,
    "content": ">",
    "position": [
      [
        18,
        17
      ],
      [
        18,
        18
      ]
    ],
    "level": 3
  },
  {
    "kind": "Exclamation",
    "len": 1,
    "content": "!",
    "position": [
      [
        19,
        16
      ],
      [
        19,
        17
      ]
    ],
    "level": 4
  },
  {
    "kind": {
      "Identifier": "text"
    },
    "len": 4,
    "content": "text",
    "position": [
      [
        19,
        17
      ],
      [
        19,
        21
      ]
    ],
    "level": 4
  },
  {
    "kind": {
      "Identifier": "amount"
    },
    "len": 6,
    "content": "amount",
    "position": [
      [
        20,
        12
      ],
      [
        20,
        18
      ]
    ],
    "level": 3
  },
  {
    "kind": "Greater",
    "len": 1,
    "content": ">",
    "position": [
      [
        20,
        19
      ],
      [
        20,
        20
      ]
    ],
    "level": 3
  },
  {
    "kind": "Exclamation",
    "len": 1,
    "content": "!",
    "position": [
      [
        21,
        16
      ],
      [
        21,
        17
      ]
    ],
    "level": 4
  },
  {
    "kind": {
      "Identifier": "number"
    },
    "len": 6,
    "content": "number",
    "position": [
      [
        21,
        17
      ],
      [
        21,
        23
      ]
    ],
    "level": 4
  },
  {
    "kind": {
      "Identifier": "unit"
    },
    "len": 4,
    "content": "unit",
    "position": [
      [
        22,
        12
      ],
      [
        22,
        16
      ]
    ],
    "level": 3
  },
  {
    "kind": "Greater",
    "len": 1,
    "content": ">",
    "position": [
      [
        22,
        17
      ],
      [
        22,
        18
      ]
    ],
    "level": 3
  },
  {
    "kind": "Exclamation",
    "len": 1,
    "content": "!",
    "position": [
      [
        23,
        16
      ],
      [
        23,
        17
      ]
    ],
    "level": 4
  },
  {
    "kind": {
      "Identifier": "text"
    },
    "len": 4,
    "content": "text",
    "position": [
      [
        23,
        17
      ],
      [
        23,
        21
      ]
    ],
    "level": 4
  },
  {
    "kind": "Exclamation",
    "len": 1,
    "content": "!",
    "position": [
      [
        24,
        16
      ],
      [
        24,
        17
      ]
    ],
    "level": 4
  },
  {
    "kind": {
      "Identifier": "maxLength"
    },
    "len": 9,
    "content": "maxLength",
    "position": [
      [
        24,
        17
      ],
      [
        24,
        26
      ]
    ],
    "level": 4
  },
  {
    "kind": "Colon",
    "len": 1,
    "content": ":",
    "position": [
      [
        24,
        26
      ],
      [
        24,
        27
      ]
    ],
    "level": 4
  },
  {
    "kind": {
      "Int": 100
    },
    "len": 3,
    "content": "100",
    "position": [
      [
        24,
        27
      ],
      [
        24,
        30
      ]
    ],
    "level": 4
  },
  {
    "kind": {
      "Identifier": "tools"
    },
    "len": 5,
    "content": "tools",
    "position": [
      [
        25,
        4
      ],
      [
        25,
        9
      ]
    ],
    "level": 1
  },
  {
    "kind": "Plus",
    "len": 1,
    "content": "+",
    "position": [
      [
        25,
        10
      ],
      [
        25,
        11
      ]
    ],
    "level": 1
  },
  {
    "kind": "Greater",
    "len": 1,
    "content": ">",
    "position": [
      [
        25,
        11
      ],
      [
        25,
        12
      ]
    ],
    "level": 1
  },
  {
    "kind": "Exclamation",
    "len": 1,
    "content": "!",
    "position": [
      [
        26,
        8
      ],
      [
        26,
        9
      ]
    ],
    "level": 2
  },
  {
    "kind": {
      "Identifier": "text"
    },
    "len": 4,
    "content": "text",
    "position": [
      [
        26,
        9
      ],
      [
        26,
        13
      ]
    ],
    "level": 2
  },
  {
    "kind": {
      "Identifier": "kindOfMeal"
    },
    "len": 10,
    "content": "kindOfMeal",
    "position": [
      [
        27,
        4
      ],
      [
        27,
        14
      ]
    ],
    "level": 1
  },
  {
    "kind": "Greater",
    "len": 1,
    "content": ">",
    "position": [
      [
        27,
        15
      ],
      [
        27,
        16
      ]
    ],
    "level": 1
  },
  {
    "kind": "Exclamation",
    "len": 1,
    "content": "!",
    "position": [
      [
        28,
        8
      ],
      [
        28,
        9
      ]
    ],
    "level": 2
  },
  {
    "kind": {
      "Identifier": "options"
    },
    "len": 7,
    "content": "options",
    "position": [
      [
        28,
        9
      ],
      [
        28,
        16
      ]
    ],
    "level": 2
  },
  {
    "kind": "Colon",
    "len": 1,
    "content": ":",
    "position": [
      [
        28,
        16
      ],
      [
        28,
        17
      ]
    ],
    "level": 2
  },
  {
    "kind": "At",
    "len": 1,
    "content": "@",
    "position": [
      [
        28,
        17
      ],
      [
        28,
        18
      ]
    ],
    "level": 2
  },
  {
    "kind": {
      "Identifier": "resources"
    },
    "len": 9,
    "content": "resources",
    "position": [
      [
        28,
        18
      ],
      [
        28,
        27
      ]
    ],
    "level": 2
  },
  {
    "kind": "Dot",
    "len": 1,
    "content": ".",
    "position": [
      [
        28,
        27
      ],
      [
        28,
        28
      ]
    ],
    "level": 2
  },
  {
    "kind": {
      "Identifier": "mealsTypes"
    },
    "len": 10,
    "content": "mealsTypes",
    "position": [
      [
        28,
        28
      ],
      [
        28,
        38
      ]
    ],
    "level": 2
  },
  {
    "kind": "Exclamation",
    "len": 1,
    "content": "!",
    "position": [
      [
        29,
        8
      ],
      [
        29,
        9
      ]
    ],
    "level": 2
  },
  {
    "kind": {
      "Identifier": "required"
    },
    "len": 8,
    "content": "required",
    "position": [
      [
        29,
        9
      ],
      [
        29,
        17
      ]
    ],
    "level": 2
  },
  {
    "kind": "Exclamation",
    "len": 1,
    "content": "!",
    "position": [
      [
        30,
        8
      ],
      [
        30,
        9
      ]
    ],
    "level": 2
  },
  {
    "kind": {
      "Identifier": "select"
    },
    "len": 6,
    "content": "select",
    "position": [
      [
        30,
        9
      ],
      [
        30,
        15
      ]
    ],
    "level": 2
  },
  {
    "kind": "Colon",
    "len": 1,
    "content": ":",
    "position": [
      [
        30,
        15
      ],
      [
        30,
        16
      ]
    ],
    "level": 2
  },
  {
    "kind": {
      "Identifier": "single"
    },
    "len": 6,
    "content": "single",
    "position": [
      [
        30,
        16
      ],
      [
        30,
        22
      ]
    ],
    "level": 2
  },
  {
    "kind": {
      "Identifier": "countryOfOrigin"
    },
    "len": 15,
    "content": "countryOfOrigin",
    "position": [
      [
        31,
        4
      ],
      [
        31,
        19
      ]
    ],
    "level": 1
  },
  {
    "kind": "Greater",
    "len": 1,
    "content": ">",
    "position": [
      [
        31,
        20
      ],
      [
        31,
        21
      ]
    ],
    "level": 1
  },
  {
    "kind": "Exclamation",
    "len": 1,
    "content": "!",
    "position": [
      [
        32,
        8
      ],
      [
        32,
        9
      ]
    ],
    "level": 2
  },
  {
    "kind": {
      "Identifier": "options"
    },
    "len": 7,
    "content": "options",
    "position": [
      [
        32,
        9
      ],
      [
        32,
        16
      ]
    ],
    "level": 2
  },
  {
    "kind": "Colon",
    "len": 1,
    "content": ":",
    "position": [
      [
        32,
        16
      ],
      [
        32,
        17
      ]
    ],
    "level": 2
  },
  {
    "kind": "At",
    "len": 1,
    "content": "@",
    "position": [
      [
        32,
        17
      ],
      [
        32,
        18
      ]
    ],
    "level": 2
  },
  {
    "kind": {
      "Identifier": "resources"
    },
    "len": 9,
    "content": "resources",
    "position": [
      [
        32,
        18
      ],
      [
        32,
        27
      ]
    ],
    "level": 2
  },
  {
    "kind": "Dot",
    "len": 1,
    "content": ".",
    "position": [
      [
        32,
        27
      ],
      [
        32,
        28
      ]
    ],
    "level": 2
  },
  {
    "kind": {
      "Identifier": "countries"
    },
    "len": 9,
    "content": "countries",
    "position": [
      [
        32,
        28
      ],
      [
        32,
        37
      ]
    ],
    "level": 2
  },
  {
    "kind": "Exclamation",
    "len": 1,
    "content": "!",
    "position": [
      [
        33,
        8
      ],
      [
        33,
        9
      ]
    ],
    "level": 2
  },
  {
    "kind": {
      "Identifier": "required"
    },
    "len": 8,
    "content": "required",
    "position": [
      [
        33,
        9
      ],
      [
        33,
        17
      ]
    ],
    "level": 2
  },
  {
    "kind": "Exclamation",
    "len": 1,
    "content": "!",
    "position": [
      [
        34,
        8
      ],
      [
        34,
        9
      ]
    ],
    "level": 2
  },
  {
    "kind": {
      "Identifier": "select"
    },
    "len": 6,
    "content": "select",
    "position": [
      [
        34,
        9
      ],
      [
        34,
        15
      ]
    ],
    "level": 2
  },
  {
    "kind": "Colon",
    "len": 1,
    "content": ":",
    "position": [
      [
        34,
        15
      ],
      [
        34,
        16
      ]
    ],
    "level": 2
  },
  {
    "kind": {
      "Identifier": "single"
    },
    "len": 6,
    "content": "single",
    "position": [
      [
        34,
        16
      ],
      [
        34,
        22
      ]
    ],
    "level": 2
  },
  {
    "kind": {
      "Identifier": "restrictions"
    },
    "len": 12,
    "content": "restrictions",
    "position": [
      [
        35,
        4
      ],
      [
        35,
        16
      ]
    ],
    "level": 1
  },
  {
    "kind": "Greater",
    "len": 1,
    "content": ">",
    "position": [
      [
        35,
        17
      ],
      [
        35,
        18
      ]
    ],
    "level": 1
  },
  {
    "kind": "Exclamation",
    "len": 1,
    "content": "!",
    "position": [
      [
        36,
        8
      ],
      [
        36,
        9
      ]
    ],
    "level": 2
  },
  {
    "kind": {
      "Identifier": "options"
    },
    "len": 7,
    "content": "options",
    "position": [
      [
        36,
        9
      ],
      [
        36,
        16
      ]
    ],
    "level": 2
  },
  {
    "kind": "Colon",
    "len": 1,
    "content": ":",
    "position": [
      [
        36,
        16
      ],
      [
        36,
        17
      ]
    ],
    "level": 2
  },
  {
    "kind": "At",
    "len": 1,
    "content": "@",
    "position": [
      [
        36,
        17
      ],
      [
        36,
        18
      ]
    ],
    "level": 2
  },
  {
    "kind": {
      "Identifier": "resources"
    },
    "len": 9,
    "content": "resources",
    "position": [
      [
        36,
        18
      ],
      [
        36,
        27
      ]
    ],
    "level": 2
  },
  {
    "kind": "Dot",
    "len": 1,
    "content": ".",
    "position": [
      [
        36,
        27
      ],
      [
        36,
        28
      ]
    ],
    "level": 2
  },
  {
    "kind": {
      "Identifier": "foodRestrictions"
    },
    "len": 16,
    "content": "foodRestrictions",
    "position": [
      [
        36,
        28
      ],
      [
        36,
        44
      ]
    ],
    "level": 2
  },
  {
    "kind": "Exclamation",
    "len": 1,
    "content": "!",
    "position": [
      [
        37,
        8
      ],
      [
        37,
        9
      ]
    ],
    "level": 2
  },
  {
    "kind": {
      "Identifier": "required"
    },
    "len": 8,
    "content": "required",
    "position": [
      [
        37,
        9
      ],
      [
        37,
        17
      ]
    ],
    "level": 2
  },
  {
    "kind": "Exclamation",
    "len": 1,
    "content": "!",
    "position": [
      [
        38,
        8
      ],
      [
        38,
        9
      ]
    ],
    "level": 2
  },
  {
    "kind": {
      "Identifier": "select"
    },
    "len": 6,
    "content": "select",
    "position": [
      [
        38,
        9
      ],
      [
        38,
        15
      ]
    ],
    "level": 2
  },
  {
    "kind": "Colon",
    "len": 1,
    "content": ":",
    "position": [
      [
        38,
        15
      ],
      [
        38,
        16
      ]
    ],
    "level": 2
  },
  {
    "kind": {
      "Identifier": "multiple"
    },
    "len": 8,
    "content": "multiple",
    "position": [
      [
        38,
        16
      ],
      [
        38,
        24
      ]
    ],
    "level": 2
  },
  {
    "kind": {
      "Identifier": "preparation"
    },
    "len": 11,
    "content": "preparation",
    "position": [
      [
        39,
        4
      ],
      [
        39,
        15
      ]
    ],
    "level": 1
  },
  {
    "kind": "Plus",
    "len": 1,
    "content": "+",
    "position": [
      [
        40,
        8
      ],
      [
        40,
        9
      ]
    ],
    "level": 2
  },
  {
    "kind": {
      "Identifier": "preparationSteps"
    },
    "len": 16,
    "content": "preparationSteps",
    "position": [
      [
        40,
        9
      ],
      [
        40,
        25
      ]
    ],
    "level": 2
  },
  {
    "kind": {
      "Identifier": "description"
    },
    "len": 11,
    "content": "description",
    "position": [
      [
        41,
        12
      ],
      [
        41,
        23
      ]
    ],
    "level": 3
  },
  {
    "kind": "HashPound",
    "len": 1,
    "content": "#",
    "position": [
      [
        42,
        16
      ],
      [
        42,
        17
      ]
    ],
    "level": 4
  },
  {
    "kind": {
      "Identifier": "ln"
    },
    "len": 2,
    "content": "ln",
    "position": [
      [
        42,
        17
      ],
      [
        42,
        19
      ]
    ],
    "level": 4
  },
  {
    "kind": "Colon",
    "len": 1,
    "content": ":",
    "position": [
      [
        42,
        19
      ],
      [
        42,
        20
      ]
    ],
    "level": 4
  },
  {
    "kind": {
      "Identifier": "en"
    },
    "len": 2,
    "content": "en",
    "position": [
      [
        42,
        20
      ],
      [
        42,
        22
      ]
    ],
    "level": 4
  },
  {
    "kind": "ContentBlock",
    "len": 56,
    "content": "\n                    Step description\n                ",
    "position": [
      [
        42,
        22
      ],
      [
        44,
        17
      ]
    ],
    "level": 4
  },
  {
    "kind": "HashPound",
    "len": 1,
    "content": "#",
    "position": [
      [
        45,
        16
      ],
      [
        45,
        17
      ]
    ],
    "level": 4
  },
  {
    "kind": {
      "Identifier": "ln"
    },
    "len": 2,
    "content": "ln",
    "position": [
      [
        45,
        17
      ],
      [
        45,
        19
      ]
    ],
    "level": 4
  },
  {
    "kind": "Colon",
    "len": 1,
    "content": ":",
    "position": [
      [
        45,
        19
      ],
      [
        45,
        20
      ]
    ],
    "level": 4
  },
  {
    "kind": {
      "Identifier": "ru"
    },
    "len": 2,
    "content": "ru",
    "position": [
      [
        45,
        20
      ],
      [
        45,
        22
      ]
    ],
    "level": 4
  },
  {
    "kind": "ContentBlock",
    "len": 65,
    "content": "\n                    Описание шага\n                ",
    "position": [
      [
        45,
        22
      ],
      [
        47,
        17
      ]
    ],
    "level": 4
  },
  {
    "kind": "Coma",
    "len": 1,
    "content": ",",
    "position": [
      [
        47,
        17
      ],
      [
        47,
        18
      ]
    ],
    "level": 4
  },
  {
    "kind": "Greater",
    "len": 1,
    "content": ">",
    "position": [
      [
        48,
        16
      ],
      [
        48,
        17
      ]
    ],
    "level": 4
  },
  {
    "kind": "Exclamation",
    "len": 1,
    "content": "!",
    "position": [
      [
        49,
        20
      ],
      [
        49,
        21
      ]
    ],
    "level": 5
  },
  {
    "kind": {
      "Identifier": "text"
    },
    "len": 4,
    "content": "text",
    "position": [
      [
        49,
        21
      ],
      [
        49,
        25
      ]
    ],
    "level": 5
  },
  {
    "kind": {
      "Identifier": "picture"
    },
    "len": 7,
    "content": "picture",
    "position": [
      [
        50,
        12
      ],
      [
        50,
        19
      ]
    ],
    "level": 3
  },
  {
    "kind": "At",
    "len": 1,
    "content": "@",
    "position": [
      [
        51,
        16
      ],
      [
        51,
        17
      ]
    ],
    "level": 4
  },
  {
    "kind": {
      "Identifier": "resources"
    },
    "len": 9,
    "content": "resources",
    "position": [
      [
        51,
        17
      ],
      [
        51,
        26
      ]
    ],
    "level": 4
  },
  {
    "kind": "Dot",
    "len": 1,
    "content": ".",
    "position": [
      [
        51,
        26
      ],
      [
        51,
        27
      ]
    ],
    "level": 4
  },
  {
    "kind": {
      "Identifier": "pictureLabel"
    },
    "len": 12,
    "content": "pictureLabel",
    "position": [
      [
        51,
        27
      ],
      [
        51,
        39
      ]
    ],
    "level": 4
  },
  {
    "kind": "Coma",
    "len": 1,
    "content": ",",
    "position": [
      [
        51,
        39
      ],
      [
        51,
        40
      ]
    ],
    "level": 4
  },
  {
    "kind": "Greater",
    "len": 1,
    "content": ">",
    "position": [
      [
        52,
        16
      ],
      [
        52,
        17
      ]
    ],
    "level": 4
  },
  {
    "kind": "Exclamation",
    "len": 1,
    "content": "!",
    "position": [
      [
        53,
        20
      ],
      [
        53,
        21
      ]
    ],
    "level": 5
  },
  {
    "kind": {
      "Identifier": "file"
    },
    "len": 4,
    "content": "file",
    "position": [
      [
        53,
        21
      ],
      [
        53,
        25
      ]
    ],
    "level": 5
  },
  {
    "kind": "Colon",
    "len": 1,
    "content": ":",
    "position": [
      [
        53,
        25
      ],
      [
        53,
        26
      ]
    ],
    "level": 5
  },
  {
    "kind": {
      "Identifier": "type"
    },
    "len": 4,
    "content": "type",
    "position": [
      [
        53,
        26
      ],
      [
        53,
        30
      ]
    ],
    "level": 5
  },
  {
    "kind": "Equals",
    "len": 1,
    "content": "=",
    "position": [
      [
        53,
        30
      ],
      [
        53,
        31
      ]
    ],
    "level": 5
  },
  {
    "kind": {
      "Identifier": "image"
    },
    "len": 5,
    "content": "image",
    "position": [
      [
        53,
        31
      ],
      [
        53,
        36
      ]
    ],
    "level": 5
  }
]
