---
source: src/lib/ra_lexer/src/tests.rs
expression: tokens
---
[
  {
    "kind": {
      "Comment": [
        " this file is my todo list and also should render like one",
        false
      ]
    },
    "position": [
      [
        1,
        1
      ],
      [
        2,
        0
      ]
    ],
    "level": 1
  },
  {
    "kind": {
      "Identifier": "parseBlocks"
    },
    "position": [
      [
        3,
        1
      ],
      [
        4,
        4
      ]
    ],
    "level": 1
  },
  {
    "kind": "Greater",
    "position": [
      [
        4,
        5
      ],
      [
        4,
        6
      ]
    ],
    "level": 2
  },
  {
    "kind": "Exclamation",
    "position": [
      [
        5,
        9
      ],
      [
        5,
        10
      ]
    ],
    "level": 2
  },
  {
    "kind": {
      "Identifier": "choice"
    },
    "position": [
      [
        5,
        10
      ],
      [
        5,
        16
      ]
    ],
    "level": 2
  },
  {
    "kind": "Colon",
    "position": [
      [
        5,
        16
      ],
      [
        5,
        17
      ]
    ],
    "level": 2
  },
  {
    "kind": {
      "Identifier": "multiple"
    },
    "position": [
      [
        5,
        17
      ],
      [
        6,
        8
      ]
    ],
    "level": 2
  },
  {
    "kind": "Exclamation",
    "position": [
      [
        6,
        9
      ],
      [
        6,
        10
      ]
    ],
    "level": 2
  },
  {
    "kind": {
      "Identifier": "options"
    },
    "position": [
      [
        6,
        10
      ],
      [
        6,
        17
      ]
    ],
    "level": 2
  },
  {
    "kind": "Colon",
    "position": [
      [
        6,
        17
      ],
      [
        6,
        18
      ]
    ],
    "level": 2
  },
  {
    "kind": {
      "ContentBlock": "parse blocks"
    },
    "position": [
      [
        7,
        13
      ],
      [
        8,
        12
      ]
    ],
    "level": 3
  },
  {
    "kind": {
      "ContentBlock": "and funny chars too ðŸ˜ "
    },
    "position": [
      [
        8,
        13
      ],
      [
        9,
        12
      ]
    ],
    "level": 3
  },
  {
    "kind": {
      "ContentBlock": "â‚°"
    },
    "position": [
      [
        9,
        13
      ],
      [
        10,
        12
      ]
    ],
    "level": 3
  },
  {
    "kind": {
      "ContentBlock": "Ï¿"
    },
    "position": [
      [
        10,
        13
      ],
      [
        11,
        0
      ]
    ],
    "level": 3
  },
  {
    "kind": {
      "Identifier": "parseDifferentTypesOfBlocks"
    },
    "position": [
      [
        12,
        1
      ],
      [
        13,
        4
      ]
    ],
    "level": 1
  },
  {
    "kind": "Greater",
    "position": [
      [
        13,
        5
      ],
      [
        13,
        6
      ]
    ],
    "level": 1
  },
  {
    "kind": "Exclamation",
    "position": [
      [
        14,
        9
      ],
      [
        14,
        10
      ]
    ],
    "level": 2
  },
  {
    "kind": {
      "Identifier": "choice"
    },
    "position": [
      [
        14,
        10
      ],
      [
        14,
        16
      ]
    ],
    "level": 2
  },
  {
    "kind": "Colon",
    "position": [
      [
        14,
        16
      ],
      [
        14,
        17
      ]
    ],
    "level": 2
  },
  {
    "kind": {
      "Identifier": "multiple"
    },
    "position": [
      [
        14,
        17
      ],
      [
        15,
        8
      ]
    ],
    "level": 2
  },
  {
    "kind": "Exclamation",
    "position": [
      [
        15,
        9
      ],
      [
        15,
        10
      ]
    ],
    "level": 2
  },
  {
    "kind": {
      "Identifier": "options"
    },
    "position": [
      [
        15,
        10
      ],
      [
        15,
        17
      ]
    ],
    "level": 2
  },
  {
    "kind": "Colon",
    "position": [
      [
        15,
        17
      ],
      [
        15,
        18
      ]
    ],
    "level": 2
  },
  {
    "kind": {
      "ContentBlock": "comments"
    },
    "position": [
      [
        16,
        13
      ],
      [
        17,
        12
      ]
    ],
    "level": 3
  },
  {
    "kind": {
      "ContentBlock": "var declaration"
    },
    "position": [
      [
        17,
        13
      ],
      [
        18,
        12
      ]
    ],
    "level": 3
  },
  {
    "kind": {
      "ContentBlock": "rule declaration"
    },
    "position": [
      [
        18,
        13
      ],
      [
        19,
        12
      ]
    ],
    "level": 3
  },
  {
    "kind": {
      "ContentBlock": "applied rule"
    },
    "position": [
      [
        19,
        13
      ],
      [
        20,
        12
      ]
    ],
    "level": 3
  },
  {
    "kind": {
      "ContentBlock": "input block"
    },
    "position": [
      [
        20,
        13
      ],
      [
        21,
        12
      ]
    ],
    "level": 3
  },
  {
    "kind": {
      "ContentBlock": "context switches"
    },
    "position": [
      [
        21,
        13
      ],
      [
        22,
        12
      ]
    ],
    "level": 3
  },
  {
    "kind": {
      "ContentBlock": "content block"
    },
    "position": [
      [
        22,
        13
      ],
      [
        23,
        0
      ]
    ],
    "level": 3
  },
  {
    "kind": {
      "Identifier": "generateRuntime"
    },
    "position": [
      [
        24,
        1
      ],
      [
        25,
        4
      ]
    ],
    "level": 1
  },
  {
    "kind": "Greater",
    "position": [
      [
        25,
        5
      ],
      [
        25,
        6
      ]
    ],
    "level": 1
  },
  {
    "kind": "Exclamation",
    "position": [
      [
        26,
        9
      ],
      [
        26,
        10
      ]
    ],
    "level": 2
  },
  {
    "kind": {
      "Identifier": "choice"
    },
    "position": [
      [
        26,
        10
      ],
      [
        26,
        16
      ]
    ],
    "level": 2
  },
  {
    "kind": "Colon",
    "position": [
      [
        26,
        16
      ],
      [
        26,
        17
      ]
    ],
    "level": 2
  },
  {
    "kind": {
      "Identifier": "multiple"
    },
    "position": [
      [
        26,
        17
      ],
      [
        27,
        8
      ]
    ],
    "level": 2
  },
  {
    "kind": "Exclamation",
    "position": [
      [
        27,
        9
      ],
      [
        27,
        10
      ]
    ],
    "level": 2
  },
  {
    "kind": {
      "Identifier": "options"
    },
    "position": [
      [
        27,
        10
      ],
      [
        27,
        17
      ]
    ],
    "level": 2
  },
  {
    "kind": "Colon",
    "position": [
      [
        27,
        17
      ],
      [
        27,
        18
      ]
    ],
    "level": 2
  },
  {
    "kind": {
      "ContentBlock": "render content"
    },
    "position": [
      [
        28,
        13
      ],
      [
        29,
        12
      ]
    ],
    "level": 3
  },
  {
    "kind": {
      "ContentBlock": "render inputs"
    },
    "position": [
      [
        29,
        13
      ],
      [
        30,
        12
      ]
    ],
    "level": 3
  },
  {
    "kind": {
      "ContentBlock": "group inputs as long as there no dependency on previous step"
    },
    "position": [
      [
        30,
        13
      ],
      [
        31,
        12
      ]
    ],
    "level": 3
  },
  {
    "kind": {
      "ContentBlock": "execute logic"
    },
    "position": [
      [
        31,
        13
      ],
      [
        32,
        12
      ]
    ],
    "level": 3
  },
  {
    "kind": {
      "ContentBlock": "apply rules"
    },
    "position": [
      [
        32,
        13
      ],
      [
        33,
        0
      ]
    ],
    "level": 3
  }
]
