---
source: src/lib/ra_tree_parser/src/tests.rs
expression: tree
---
{
  "node": [],
  "level": 0,
  "position": [
    [
      0,
      0
    ],
    [
      23,
      72
    ]
  ],
  "children": [
    {
      "node": [
        {
          "Token": {
            "kind": {
              "Identifier": "single_variable"
            },
            "position": [
              [
                1,
                1
              ],
              [
                1,
                16
              ]
            ],
            "level": 1
          }
        },
        {
          "Token": {
            "kind": {
              "Comment": [
                " just an empty variable",
                false
              ]
            },
            "position": [
              [
                1,
                17
              ],
              [
                1,
                42
              ]
            ],
            "level": 1
          }
        }
      ],
      "level": 1,
      "position": [
        [
          1,
          1
        ],
        [
          1,
          42
        ]
      ],
      "children": []
    },
    {
      "node": [
        {
          "Token": {
            "kind": {
              "IntegerLiteral": 1
            },
            "position": [
              [
                3,
                1
              ],
              [
                3,
                2
              ]
            ],
            "level": 1
          }
        },
        {
          "Token": {
            "kind": "Plus",
            "position": [
              [
                3,
                3
              ],
              [
                3,
                4
              ]
            ],
            "level": 1
          }
        },
        {
          "Token": {
            "kind": {
              "IntegerLiteral": 1
            },
            "position": [
              [
                3,
                5
              ],
              [
                3,
                6
              ]
            ],
            "level": 1
          }
        },
        {
          "Token": {
            "kind": {
              "Comment": [
                " expression that has an output of 2",
                false
              ]
            },
            "position": [
              [
                3,
                7
              ],
              [
                3,
                44
              ]
            ],
            "level": 1
          }
        }
      ],
      "level": 1,
      "position": [
        [
          3,
          1
        ],
        [
          3,
          44
        ]
      ],
      "children": []
    },
    {
      "node": [
        {
          "Token": {
            "kind": {
              "IntegerLiteral": 2
            },
            "position": [
              [
                5,
                1
              ],
              [
                5,
                2
              ]
            ],
            "level": 1
          }
        },
        {
          "Token": {
            "kind": "Minus",
            "position": [
              [
                5,
                2
              ],
              [
                5,
                3
              ]
            ],
            "level": 1
          }
        },
        {
          "Token": {
            "kind": {
              "IntegerLiteral": 1
            },
            "position": [
              [
                5,
                3
              ],
              [
                5,
                4
              ]
            ],
            "level": 1
          }
        },
        {
          "Token": {
            "kind": {
              "Comment": [
                " test for parsing minus separately",
                false
              ]
            },
            "position": [
              [
                5,
                5
              ],
              [
                5,
                41
              ]
            ],
            "level": 1
          }
        }
      ],
      "level": 1,
      "position": [
        [
          5,
          1
        ],
        [
          5,
          41
        ]
      ],
      "children": []
    },
    {
      "node": [
        {
          "Token": {
            "kind": {
              "Identifier": "assignment"
            },
            "position": [
              [
                7,
                1
              ],
              [
                7,
                11
              ]
            ],
            "level": 1
          }
        },
        {
          "Token": {
            "kind": {
              "Comment": [
                " expression that has value 1 assigned",
                false
              ]
            },
            "position": [
              [
                7,
                12
              ],
              [
                7,
                51
              ]
            ],
            "level": 1
          }
        }
      ],
      "level": 1,
      "position": [
        [
          7,
          1
        ],
        [
          8,
          6
        ]
      ],
      "children": [
        {
          "node": [
            {
              "Token": {
                "kind": {
                  "IntegerLiteral": 1
                },
                "position": [
                  [
                    8,
                    5
                  ],
                  [
                    8,
                    6
                  ]
                ],
                "level": 2
              }
            }
          ],
          "level": 2,
          "position": [
            [
              8,
              5
            ],
            [
              8,
              6
            ]
          ],
          "children": []
        }
      ]
    },
    {
      "node": [
        {
          "Token": {
            "kind": {
              "Identifier": "assignment"
            },
            "position": [
              [
                10,
                1
              ],
              [
                10,
                11
              ]
            ],
            "level": 1
          }
        },
        {
          "Token": {
            "kind": "Plus",
            "position": [
              [
                10,
                12
              ],
              [
                10,
                13
              ]
            ],
            "level": 1
          }
        },
        {
          "Token": {
            "kind": {
              "IntegerLiteral": 2
            },
            "position": [
              [
                10,
                14
              ],
              [
                10,
                15
              ]
            ],
            "level": 1
          }
        },
        {
          "Token": {
            "kind": {
              "Comment": [
                " expression that has an output of 3",
                false
              ]
            },
            "position": [
              [
                10,
                16
              ],
              [
                10,
                53
              ]
            ],
            "level": 1
          }
        }
      ],
      "level": 1,
      "position": [
        [
          10,
          1
        ],
        [
          10,
          53
        ]
      ],
      "children": []
    },
    {
      "node": [
        {
          "Token": {
            "kind": {
              "Identifier": "nested_variable"
            },
            "position": [
              [
                12,
                1
              ],
              [
                12,
                16
              ]
            ],
            "level": 1
          }
        },
        {
          "Token": {
            "kind": {
              "Comment": [
                " expression that has output assigned",
                false
              ]
            },
            "position": [
              [
                12,
                17
              ],
              [
                12,
                55
              ]
            ],
            "level": 1
          }
        }
      ],
      "level": 1,
      "position": [
        [
          12,
          1
        ],
        [
          13,
          57
        ]
      ],
      "children": [
        {
          "node": [
            {
              "Token": {
                "kind": {
                  "Identifier": "assignment"
                },
                "position": [
                  [
                    13,
                    5
                  ],
                  [
                    13,
                    15
                  ]
                ],
                "level": 2
              }
            },
            {
              "Token": {
                "kind": "Plus",
                "position": [
                  [
                    13,
                    16
                  ],
                  [
                    13,
                    17
                  ]
                ],
                "level": 2
              }
            },
            {
              "Token": {
                "kind": {
                  "IntegerLiteral": 2
                },
                "position": [
                  [
                    13,
                    18
                  ],
                  [
                    13,
                    19
                  ]
                ],
                "level": 2
              }
            },
            {
              "Token": {
                "kind": {
                  "Comment": [
                    " expression that has an output of 3",
                    false
                  ]
                },
                "position": [
                  [
                    13,
                    20
                  ],
                  [
                    13,
                    57
                  ]
                ],
                "level": 2
              }
            }
          ],
          "level": 2,
          "position": [
            [
              13,
              5
            ],
            [
              13,
              57
            ]
          ],
          "children": []
        }
      ]
    },
    {
      "node": [
        {
          "Token": {
            "kind": {
              "Identifier": "assignment"
            },
            "position": [
              [
                15,
                1
              ],
              [
                15,
                11
              ]
            ],
            "level": 1
          }
        },
        {
          "Token": {
            "kind": "Pipe",
            "position": [
              [
                15,
                12
              ],
              [
                15,
                13
              ]
            ],
            "level": 1
          }
        },
        {
          "Token": {
            "kind": {
              "Identifier": "nested_variable"
            },
            "position": [
              [
                15,
                14
              ],
              [
                15,
                29
              ]
            ],
            "level": 1
          }
        },
        {
          "Token": {
            "kind": {
              "Comment": [
                " logical expression OR",
                false
              ]
            },
            "position": [
              [
                15,
                30
              ],
              [
                15,
                54
              ]
            ],
            "level": 1
          }
        }
      ],
      "level": 1,
      "position": [
        [
          15,
          1
        ],
        [
          15,
          54
        ]
      ],
      "children": []
    },
    {
      "node": [
        {
          "Token": {
            "kind": {
              "Identifier": "assignment"
            },
            "position": [
              [
                17,
                1
              ],
              [
                17,
                11
              ]
            ],
            "level": 1
          }
        },
        {
          "Token": {
            "kind": "Greater",
            "position": [
              [
                17,
                12
              ],
              [
                17,
                13
              ]
            ],
            "level": 1
          }
        },
        {
          "Token": {
            "kind": {
              "Identifier": "nested_variable"
            },
            "position": [
              [
                17,
                14
              ],
              [
                17,
                29
              ]
            ],
            "level": 1
          }
        },
        {
          "Token": {
            "kind": {
              "Comment": [
                " logical expression Comparison GT",
                false
              ]
            },
            "position": [
              [
                17,
                30
              ],
              [
                17,
                65
              ]
            ],
            "level": 1
          }
        }
      ],
      "level": 1,
      "position": [
        [
          17,
          1
        ],
        [
          17,
          65
        ]
      ],
      "children": []
    },
    {
      "node": [
        {
          "SubTree": {
            "node": [
              {
                "Token": {
                  "kind": "OpenParentheses",
                  "position": [
                    [
                      19,
                      1
                    ],
                    [
                      19,
                      2
                    ]
                  ],
                  "level": 1
                }
              },
              {
                "Token": {
                  "kind": {
                    "IntegerLiteral": 3
                  },
                  "position": [
                    [
                      19,
                      2
                    ],
                    [
                      19,
                      3
                    ]
                  ],
                  "level": 1
                }
              },
              {
                "Token": {
                  "kind": "Asterisk",
                  "position": [
                    [
                      19,
                      3
                    ],
                    [
                      19,
                      4
                    ]
                  ],
                  "level": 1
                }
              },
              {
                "Token": {
                  "kind": {
                    "IntegerLiteral": 5
                  },
                  "position": [
                    [
                      19,
                      4
                    ],
                    [
                      19,
                      5
                    ]
                  ],
                  "level": 1
                }
              },
              {
                "Token": {
                  "kind": "CloseParentheses",
                  "position": [
                    [
                      19,
                      5
                    ],
                    [
                      19,
                      6
                    ]
                  ],
                  "level": 1
                }
              }
            ],
            "level": 1,
            "position": [
              [
                19,
                1
              ],
              [
                19,
                6
              ]
            ],
            "children": []
          }
        },
        {
          "Token": {
            "kind": "Plus",
            "position": [
              [
                19,
                7
              ],
              [
                19,
                8
              ]
            ],
            "level": 1
          }
        },
        {
          "Token": {
            "kind": {
              "IntegerLiteral": 22
            },
            "position": [
              [
                19,
                9
              ],
              [
                19,
                11
              ]
            ],
            "level": 1
          }
        },
        {
          "Token": {
            "kind": {
              "Comment": [
                " grouped expression that has an output of 37",
                false
              ]
            },
            "position": [
              [
                19,
                12
              ],
              [
                19,
                58
              ]
            ],
            "level": 1
          }
        }
      ],
      "level": 1,
      "position": [
        [
          19,
          1
        ],
        [
          19,
          58
        ]
      ],
      "children": []
    },
    {
      "node": [
        {
          "SubTree": {
            "node": [
              {
                "Token": {
                  "kind": "OpenParentheses",
                  "position": [
                    [
                      21,
                      1
                    ],
                    [
                      21,
                      2
                    ]
                  ],
                  "level": 1
                }
              },
              {
                "Token": {
                  "kind": {
                    "Identifier": "assignment"
                  },
                  "position": [
                    [
                      21,
                      2
                    ],
                    [
                      21,
                      12
                    ]
                  ],
                  "level": 1
                }
              },
              {
                "Token": {
                  "kind": "Pipe",
                  "position": [
                    [
                      21,
                      13
                    ],
                    [
                      21,
                      14
                    ]
                  ],
                  "level": 1
                }
              },
              {
                "Token": {
                  "kind": {
                    "Identifier": "nested_variable"
                  },
                  "position": [
                    [
                      21,
                      15
                    ],
                    [
                      21,
                      30
                    ]
                  ],
                  "level": 1
                }
              },
              {
                "Token": {
                  "kind": "CloseParentheses",
                  "position": [
                    [
                      21,
                      30
                    ],
                    [
                      21,
                      31
                    ]
                  ],
                  "level": 1
                }
              }
            ],
            "level": 1,
            "position": [
              [
                21,
                1
              ],
              [
                21,
                31
              ]
            ],
            "children": []
          }
        },
        {
          "Token": {
            "kind": "Plus",
            "position": [
              [
                21,
                32
              ],
              [
                21,
                33
              ]
            ],
            "level": 1
          }
        },
        {
          "Token": {
            "kind": {
              "IntegerLiteral": 3
            },
            "position": [
              [
                21,
                34
              ],
              [
                21,
                35
              ]
            ],
            "level": 1
          }
        },
        {
          "Token": {
            "kind": {
              "Comment": [
                " grouped expression with logical expression, has an output of 6",
                false
              ]
            },
            "position": [
              [
                21,
                36
              ],
              [
                21,
                101
              ]
            ],
            "level": 1
          }
        }
      ],
      "level": 1,
      "position": [
        [
          21,
          1
        ],
        [
          21,
          101
        ]
      ],
      "children": []
    },
    {
      "node": [
        {
          "Token": {
            "kind": {
              "IntegerLiteral": 1
            },
            "position": [
              [
                23,
                1
              ],
              [
                23,
                2
              ]
            ],
            "level": 1
          }
        },
        {
          "Token": {
            "kind": "Plus",
            "position": [
              [
                23,
                3
              ],
              [
                23,
                4
              ]
            ],
            "level": 1
          }
        },
        {
          "Token": {
            "kind": {
              "IntegerLiteral": 1
            },
            "position": [
              [
                23,
                5
              ],
              [
                23,
                6
              ]
            ],
            "level": 1
          }
        },
        {
          "Token": {
            "kind": "Plus",
            "position": [
              [
                23,
                7
              ],
              [
                23,
                8
              ]
            ],
            "level": 1
          }
        },
        {
          "SubTree": {
            "node": [
              {
                "SubTree": {
                  "node": [
                    {
                      "Token": {
                        "kind": "OpenParentheses",
                        "position": [
                          [
                            23,
                            9
                          ],
                          [
                            23,
                            10
                          ]
                        ],
                        "level": 1
                      }
                    },
                    {
                      "Token": {
                        "kind": {
                          "IntegerLiteral": 2
                        },
                        "position": [
                          [
                            23,
                            10
                          ],
                          [
                            23,
                            11
                          ]
                        ],
                        "level": 1
                      }
                    },
                    {
                      "Token": {
                        "kind": "Asterisk",
                        "position": [
                          [
                            23,
                            11
                          ],
                          [
                            23,
                            12
                          ]
                        ],
                        "level": 1
                      }
                    },
                    {
                      "Token": {
                        "kind": {
                          "IntegerLiteral": 2
                        },
                        "position": [
                          [
                            23,
                            12
                          ],
                          [
                            23,
                            13
                          ]
                        ],
                        "level": 1
                      }
                    },
                    {
                      "Token": {
                        "kind": "CloseParentheses",
                        "position": [
                          [
                            23,
                            13
                          ],
                          [
                            23,
                            14
                          ]
                        ],
                        "level": 1
                      }
                    }
                  ],
                  "level": 1,
                  "position": [
                    [
                      23,
                      9
                    ],
                    [
                      23,
                      14
                    ]
                  ],
                  "children": []
                }
              }
            ],
            "level": 1,
            "position": [
              [
                23,
                9
              ],
              [
                23,
                14
              ]
            ],
            "children": []
          }
        },
        {
          "Token": {
            "kind": "Plus",
            "position": [
              [
                23,
                15
              ],
              [
                23,
                16
              ]
            ],
            "level": 1
          }
        },
        {
          "SubTree": {
            "node": [
              {
                "SubTree": {
                  "node": [
                    {
                      "Token": {
                        "kind": "OpenParentheses",
                        "position": [
                          [
                            23,
                            17
                          ],
                          [
                            23,
                            18
                          ]
                        ],
                        "level": 1
                      }
                    },
                    {
                      "Token": {
                        "kind": {
                          "IntegerLiteral": 3
                        },
                        "position": [
                          [
                            23,
                            18
                          ],
                          [
                            23,
                            19
                          ]
                        ],
                        "level": 1
                      }
                    },
                    {
                      "Token": {
                        "kind": "Asterisk",
                        "position": [
                          [
                            23,
                            19
                          ],
                          [
                            23,
                            20
                          ]
                        ],
                        "level": 1
                      }
                    },
                    {
                      "SubTree": {
                        "node": [
                          {
                            "SubTree": {
                              "node": [
                                {
                                  "Token": {
                                    "kind": "OpenParentheses",
                                    "position": [
                                      [
                                        23,
                                        20
                                      ],
                                      [
                                        23,
                                        21
                                      ]
                                    ],
                                    "level": 1
                                  }
                                },
                                {
                                  "Token": {
                                    "kind": {
                                      "IntegerLiteral": 2
                                    },
                                    "position": [
                                      [
                                        23,
                                        21
                                      ],
                                      [
                                        23,
                                        22
                                      ]
                                    ],
                                    "level": 1
                                  }
                                },
                                {
                                  "Token": {
                                    "kind": "Plus",
                                    "position": [
                                      [
                                        23,
                                        22
                                      ],
                                      [
                                        23,
                                        23
                                      ]
                                    ],
                                    "level": 1
                                  }
                                },
                                {
                                  "Token": {
                                    "kind": {
                                      "IntegerLiteral": 2
                                    },
                                    "position": [
                                      [
                                        23,
                                        23
                                      ],
                                      [
                                        23,
                                        24
                                      ]
                                    ],
                                    "level": 1
                                  }
                                },
                                {
                                  "Token": {
                                    "kind": "CloseParentheses",
                                    "position": [
                                      [
                                        23,
                                        24
                                      ],
                                      [
                                        23,
                                        25
                                      ]
                                    ],
                                    "level": 1
                                  }
                                }
                              ],
                              "level": 1,
                              "position": [
                                [
                                  23,
                                  20
                                ],
                                [
                                  23,
                                  25
                                ]
                              ],
                              "children": []
                            }
                          }
                        ],
                        "level": 1,
                        "position": [
                          [
                            23,
                            20
                          ],
                          [
                            23,
                            25
                          ]
                        ],
                        "children": []
                      }
                    }
                  ],
                  "level": 1,
                  "position": [
                    [
                      23,
                      17
                    ],
                    [
                      23,
                      25
                    ]
                  ],
                  "children": []
                }
              }
            ],
            "level": 1,
            "position": [
              [
                23,
                17
              ],
              [
                23,
                25
              ]
            ],
            "children": []
          }
        },
        {
          "Token": {
            "kind": "CloseParentheses",
            "position": [
              [
                23,
                25
              ],
              [
                23,
                26
              ]
            ],
            "level": 1
          }
        },
        {
          "Token": {
            "kind": "Minus",
            "position": [
              [
                23,
                27
              ],
              [
                23,
                28
              ]
            ],
            "level": 1
          }
        },
        {
          "Token": {
            "kind": {
              "IntegerLiteral": 18
            },
            "position": [
              [
                23,
                29
              ],
              [
                23,
                31
              ]
            ],
            "level": 1
          }
        },
        {
          "Token": {
            "kind": {
              "Comment": [
                " bit more grouping, has an output of 0",
                false
              ]
            },
            "position": [
              [
                23,
                32
              ],
              [
                23,
                72
              ]
            ],
            "level": 1
          }
        }
      ],
      "level": 1,
      "position": [
        [
          23,
          1
        ],
        [
          23,
          72
        ]
      ],
      "children": []
    }
  ]
}
