---
source: src/lib/ra_tree_parser/src/tests.rs
expression: tree
---
{
  "node": [],
  "level": 0,
  "position": [
    [
      0,
      0
    ],
    [
      10,
      9
    ]
  ],
  "children": [
    {
      "node": [
        {
          "Token": {
            "kind": {
              "IntegerLiteral": 1
            },
            "position": [
              [
                1,
                1
              ],
              [
                1,
                2
              ]
            ],
            "level": 1
          }
        }
      ],
      "level": 1,
      "position": [
        [
          1,
          1
        ],
        [
          1,
          2
        ]
      ],
      "children": []
    },
    {
      "node": [
        {
          "Token": {
            "kind": {
              "IntegerLiteral": 321
            },
            "position": [
              [
                2,
                1
              ],
              [
                2,
                4
              ]
            ],
            "level": 1
          }
        }
      ],
      "level": 1,
      "position": [
        [
          2,
          1
        ],
        [
          2,
          4
        ]
      ],
      "children": []
    },
    {
      "node": [
        {
          "Token": {
            "kind": {
              "IntegerLiteral": 4567
            },
            "position": [
              [
                3,
                1
              ],
              [
                3,
                5
              ]
            ],
            "level": 1
          }
        }
      ],
      "level": 1,
      "position": [
        [
          3,
          1
        ],
        [
          3,
          5
        ]
      ],
      "children": []
    },
    {
      "node": [
        {
          "Token": {
            "kind": {
              "IntegerLiteral": -9223372036854775808
            },
            "position": [
              [
                4,
                1
              ],
              [
                4,
                21
              ]
            ],
            "level": 1
          }
        }
      ],
      "level": 1,
      "position": [
        [
          4,
          1
        ],
        [
          4,
          21
        ]
      ],
      "children": []
    },
    {
      "node": [
        {
          "Token": {
            "kind": {
              "IntegerLiteral": 9223372036854775807
            },
            "position": [
              [
                5,
                1
              ],
              [
                5,
                20
              ]
            ],
            "level": 1
          }
        }
      ],
      "level": 1,
      "position": [
        [
          5,
          1
        ],
        [
          5,
          20
        ]
      ],
      "children": []
    },
    {
      "node": [
        {
          "Token": {
            "kind": {
              "FloatLiteral": 1234567890.0987654
            },
            "position": [
              [
                6,
                1
              ],
              [
                6,
                22
              ]
            ],
            "level": 1
          }
        }
      ],
      "level": 1,
      "position": [
        [
          6,
          1
        ],
        [
          6,
          22
        ]
      ],
      "children": []
    },
    {
      "node": [
        {
          "Token": {
            "kind": {
              "FloatLiteral": 1.2345678900987653
            },
            "position": [
              [
                7,
                1
              ],
              [
                7,
                22
              ]
            ],
            "level": 1
          }
        }
      ],
      "level": 1,
      "position": [
        [
          7,
          1
        ],
        [
          7,
          22
        ]
      ],
      "children": []
    },
    {
      "node": [
        {
          "Token": {
            "kind": {
              "IntegerLiteral": 1234567890098765300
            },
            "position": [
              [
                8,
                1
              ],
              [
                8,
                22
              ]
            ],
            "level": 1
          }
        }
      ],
      "level": 1,
      "position": [
        [
          8,
          1
        ],
        [
          8,
          22
        ]
      ],
      "children": []
    },
    {
      "node": [
        {
          "Token": {
            "kind": {
              "FloatLiteral": 0.3456
            },
            "position": [
              [
                9,
                1
              ],
              [
                9,
                6
              ]
            ],
            "level": 1
          }
        }
      ],
      "level": 1,
      "position": [
        [
          9,
          1
        ],
        [
          9,
          6
        ]
      ],
      "children": []
    },
    {
      "node": [
        {
          "Token": {
            "kind": {
              "IntegerLiteral": 100500
            },
            "position": [
              [
                10,
                1
              ],
              [
                10,
                9
              ]
            ],
            "level": 1
          }
        }
      ],
      "level": 1,
      "position": [
        [
          10,
          1
        ],
        [
          10,
          9
        ]
      ],
      "children": []
    }
  ]
}
