---
source: src/lib/ra_tree_parser/src/tests.rs
expression: tree
---
{
  "node": [],
  "level": 0,
  "position": [
    [
      0,
      0
    ],
    [
      16,
      26
    ]
  ],
  "children": [
    {
      "node": [
        {
          "Token": {
            "kind": {
              "Comment": [
                " simply a one line comment",
                false
              ]
            },
            "position": [
              [
                1,
                1
              ],
              [
                1,
                29
              ]
            ],
            "level": 1
          }
        }
      ],
      "level": 1,
      "position": [
        [
          1,
          1
        ],
        [
          1,
          29
        ]
      ],
      "children": []
    },
    {
      "node": [
        {
          "Token": {
            "kind": {
              "Comment": [
                " fancy one line comment",
                true
              ]
            },
            "position": [
              [
                3,
                1
              ],
              [
                3,
                27
              ]
            ],
            "level": 1
          }
        }
      ],
      "level": 1,
      "position": [
        [
          3,
          1
        ],
        [
          3,
          27
        ]
      ],
      "children": []
    },
    {
      "node": [
        {
          "Token": {
            "kind": {
              "Comment": [
                "\n fancy multi line comment\n \n",
                true
              ]
            },
            "position": [
              [
                5,
                1
              ],
              [
                8,
                4
              ]
            ],
            "level": 1
          }
        }
      ],
      "level": 1,
      "position": [
        [
          5,
          1
        ],
        [
          8,
          4
        ]
      ],
      "children": []
    },
    {
      "node": [
        {
          "Token": {
            "kind": {
              "Comment": [
                "\nsimply \na multi line\ncomment\n",
                false
              ]
            },
            "position": [
              [
                10,
                1
              ],
              [
                14,
                3
              ]
            ],
            "level": 1
          }
        }
      ],
      "level": 1,
      "position": [
        [
          10,
          1
        ],
        [
          14,
          3
        ]
      ],
      "children": []
    },
    {
      "node": [
        {
          "Token": {
            "kind": {
              "Comment": [
                " –Ω–∞ —ç—Ç–æ–º –≤—Å—ë, —Ä–µ–±—è—Ç–∞! üòá",
                false
              ]
            },
            "position": [
              [
                16,
                1
              ],
              [
                16,
                26
              ]
            ],
            "level": 1
          }
        }
      ],
      "level": 1,
      "position": [
        [
          16,
          1
        ],
        [
          16,
          26
        ]
      ],
      "children": []
    }
  ]
}
