---
source: src/lib/ra_parser/src/block_tree/tests.rs
expression: tree
---
[
  [
    "Root",
    [
      [
        "Block",
        [
          [
            {
              "Token": {
                "kind": {
                  "Identifier": "first_level"
                },
                "position": [
                  [
                    1,
                    1
                  ],
                  [
                    1,
                    12
                  ]
                ],
                "level": 1
              }
            }
          ],
          [
            "Block",
            [
              [
                {
                  "Token": {
                    "kind": {
                      "Identifier": "first_level_child"
                    },
                    "position": [
                      [
                        2,
                        4
                      ],
                      [
                        2,
                        21
                      ]
                    ],
                    "level": 2
                  }
                }
              ],
              [
                "Block",
                [
                  [
                    {
                      "Token": {
                        "kind": {
                          "Identifier": "first_level_child_child"
                        },
                        "position": [
                          [
                            3,
                            7
                          ],
                          [
                            3,
                            30
                          ]
                        ],
                        "level": 3
                      }
                    }
                  ]
                ]
              ]
            ]
          ]
        ]
      ],
      [
        "Block",
        [
          [
            {
              "Token": {
                "kind": {
                  "Identifier": "first_level_2nd_child"
                },
                "position": [
                  [
                    4,
                    4
                  ],
                  [
                    4,
                    25
                  ]
                ],
                "level": 2
              }
            }
          ],
          [
            "Block",
            [
              [
                {
                  "Token": {
                    "kind": {
                      "Identifier": "first_level_2nd_child_child"
                    },
                    "position": [
                      [
                        5,
                        7
                      ],
                      [
                        5,
                        34
                      ]
                    ],
                    "level": 3
                  }
                }
              ]
            ]
          ]
        ]
      ],
      [
        "Block",
        [
          [
            {
              "Token": {
                "kind": {
                  "Identifier": "another_first_level"
                },
                "position": [
                  [
                    6,
                    1
                  ],
                  [
                    6,
                    20
                  ]
                ],
                "level": 1
              }
            }
          ],
          [
            "Block",
            [
              [
                {
                  "Token": {
                    "kind": {
                      "Identifier": "another_first_level_child"
                    },
                    "position": [
                      [
                        7,
                        4
                      ],
                      [
                        7,
                        29
                      ]
                    ],
                    "level": 2
                  }
                }
              ],
              [
                "Block",
                [
                  [
                    {
                      "Token": {
                        "kind": {
                          "Identifier": "another_first_level_child_child"
                        },
                        "position": [
                          [
                            8,
                            7
                          ],
                          [
                            8,
                            38
                          ]
                        ],
                        "level": 3
                      }
                    }
                  ]
                ]
              ]
            ]
          ]
        ]
      ],
      [
        "Block",
        [
          [
            {
              "Token": {
                "kind": {
                  "Identifier": "L1"
                },
                "position": [
                  [
                    10,
                    1
                  ],
                  [
                    10,
                    3
                  ]
                ],
                "level": 1
              }
            }
          ],
          [
            "Block",
            [
              [
                {
                  "Token": {
                    "kind": {
                      "Identifier": "L2_1"
                    },
                    "position": [
                      [
                        11,
                        4
                      ],
                      [
                        11,
                        8
                      ]
                    ],
                    "level": 2
                  }
                }
              ],
              [
                "Block",
                [
                  [
                    {
                      "Token": {
                        "kind": {
                          "Identifier": "L3_1"
                        },
                        "position": [
                          [
                            12,
                            7
                          ],
                          [
                            12,
                            11
                          ]
                        ],
                        "level": 3
                      }
                    }
                  ]
                ]
              ]
            ]
          ]
        ]
      ],
      [
        "Block",
        [
          [
            {
              "Token": {
                "kind": {
                  "Identifier": "L3_2"
                },
                "position": [
                  [
                    13,
                    7
                  ],
                  [
                    13,
                    11
                  ]
                ],
                "level": 3
              }
            }
          ]
        ]
      ],
      [
        "Block",
        [
          [
            {
              "Token": {
                "kind": {
                  "Identifier": "L2_1"
                },
                "position": [
                  [
                    14,
                    4
                  ],
                  [
                    14,
                    8
                  ]
                ],
                "level": 2
              }
            }
          ]
        ]
      ],
      [
        "Block",
        [
          [
            {
              "Token": {
                "kind": {
                  "Identifier": "L2_2"
                },
                "position": [
                  [
                    15,
                    4
                  ],
                  [
                    15,
                    8
                  ]
                ],
                "level": 2
              }
            }
          ],
          [
            "Block",
            [
              [
                {
                  "Token": {
                    "kind": {
                      "Identifier": "L3_3"
                    },
                    "position": [
                      [
                        16,
                        7
                      ],
                      [
                        16,
                        11
                      ]
                    ],
                    "level": 3
                  }
                }
              ],
              [
                "Block",
                [
                  [
                    {
                      "Token": {
                        "kind": {
                          "Identifier": "L4"
                        },
                        "position": [
                          [
                            17,
                            10
                          ],
                          [
                            17,
                            12
                          ]
                        ],
                        "level": 4
                      }
                    }
                  ],
                  [
                    "Block",
                    [
                      [
                        {
                          "Token": {
                            "kind": {
                              "Identifier": "L5"
                            },
                            "position": [
                              [
                                18,
                                13
                              ],
                              [
                                18,
                                15
                              ]
                            ],
                            "level": 5
                          }
                        }
                      ],
                      [
                        "Block",
                        [
                          [
                            {
                              "Token": {
                                "kind": {
                                  "Identifier": "L6"
                                },
                                "position": [
                                  [
                                    19,
                                    16
                                  ],
                                  [
                                    19,
                                    18
                                  ]
                                ],
                                "level": 6
                              }
                            }
                          ]
                        ]
                      ]
                    ]
                  ]
                ]
              ]
            ]
          ]
        ]
      ],
      [
        "Block",
        [
          [
            {
              "Token": {
                "kind": {
                  "Identifier": "L6_1"
                },
                "position": [
                  [
                    21,
                    16
                  ],
                  [
                    21,
                    20
                  ]
                ],
                "level": 6
              }
            }
          ]
        ]
      ],
      [
        "Block",
        [
          [
            {
              "Token": {
                "kind": {
                  "Identifier": "L6_2"
                },
                "position": [
                  [
                    23,
                    16
                  ],
                  [
                    23,
                    20
                  ]
                ],
                "level": 6
              }
            }
          ],
          [
            "Block",
            [
              [
                {
                  "Token": {
                    "kind": {
                      "Identifier": "L7"
                    },
                    "position": [
                      [
                        24,
                        19
                      ],
                      [
                        24,
                        21
                      ]
                    ],
                    "level": 7
                  }
                }
              ],
              [
                "Block",
                [
                  [
                    {
                      "Token": {
                        "kind": {
                          "Identifier": "L8"
                        },
                        "position": [
                          [
                            25,
                            22
                          ],
                          [
                            25,
                            24
                          ]
                        ],
                        "level": 8
                      }
                    }
                  ],
                  [
                    "Block",
                    [
                      [
                        {
                          "Token": {
                            "kind": {
                              "Identifier": "L9"
                            },
                            "position": [
                              [
                                26,
                                25
                              ],
                              [
                                26,
                                27
                              ]
                            ],
                            "level": 9
                          }
                        }
                      ],
                      [
                        "Block",
                        [
                          [
                            {
                              "Token": {
                                "kind": {
                                  "Identifier": "L10"
                                },
                                "position": [
                                  [
                                    27,
                                    28
                                  ],
                                  [
                                    27,
                                    31
                                  ]
                                ],
                                "level": 10
                              }
                            }
                          ],
                          [
                            "Block",
                            [
                              [
                                {
                                  "Token": {
                                    "kind": {
                                      "Identifier": "L11"
                                    },
                                    "position": [
                                      [
                                        28,
                                        31
                                      ],
                                      [
                                        28,
                                        34
                                      ]
                                    ],
                                    "level": 11
                                  }
                                }
                              ],
                              [
                                "Block",
                                [
                                  [
                                    {
                                      "Token": {
                                        "kind": {
                                          "Identifier": "L12"
                                        },
                                        "position": [
                                          [
                                            29,
                                            34
                                          ],
                                          [
                                            29,
                                            37
                                          ]
                                        ],
                                        "level": 12
                                      }
                                    }
                                  ],
                                  [
                                    "Block",
                                    [
                                      [
                                        {
                                          "Token": {
                                            "kind": {
                                              "Identifier": "L13"
                                            },
                                            "position": [
                                              [
                                                30,
                                                37
                                              ],
                                              [
                                                30,
                                                40
                                              ]
                                            ],
                                            "level": 13
                                          }
                                        }
                                      ],
                                      [
                                        "Block",
                                        [
                                          [
                                            {
                                              "Token": {
                                                "kind": {
                                                  "Identifier": "L14"
                                                },
                                                "position": [
                                                  [
                                                    31,
                                                    40
                                                  ],
                                                  [
                                                    31,
                                                    43
                                                  ]
                                                ],
                                                "level": 14
                                              }
                                            }
                                          ],
                                          [
                                            "Block",
                                            [
                                              [
                                                {
                                                  "Token": {
                                                    "kind": {
                                                      "Identifier": "L15"
                                                    },
                                                    "position": [
                                                      [
                                                        32,
                                                        43
                                                      ],
                                                      [
                                                        32,
                                                        46
                                                      ]
                                                    ],
                                                    "level": 15
                                                  }
                                                }
                                              ],
                                              [
                                                "Block",
                                                [
                                                  [
                                                    {
                                                      "Token": {
                                                        "kind": {
                                                          "Identifier": "L16"
                                                        },
                                                        "position": [
                                                          [
                                                            33,
                                                            46
                                                          ],
                                                          [
                                                            33,
                                                            49
                                                          ]
                                                        ],
                                                        "level": 16
                                                      }
                                                    }
                                                  ]
                                                ]
                                              ]
                                            ]
                                          ]
                                        ]
                                      ]
                                    ]
                                  ]
                                ]
                              ]
                            ]
                          ]
                        ]
                      ]
                    ]
                  ]
                ]
              ]
            ]
          ]
        ]
      ],
      [
        "Block",
        [
          [
            {
              "Token": {
                "kind": {
                  "Identifier": "L18"
                },
                "position": [
                  [
                    35,
                    52
                  ],
                  [
                    35,
                    55
                  ]
                ],
                "level": 18
              }
            }
          ],
          [
            "Block",
            [
              [
                {
                  "Token": {
                    "kind": {
                      "Identifier": "L19"
                    },
                    "position": [
                      [
                        36,
                        55
                      ],
                      [
                        36,
                        58
                      ]
                    ],
                    "level": 19
                  }
                }
              ],
              [
                "Block",
                [
                  [
                    {
                      "Token": {
                        "kind": {
                          "Identifier": "L20"
                        },
                        "position": [
                          [
                            37,
                            58
                          ],
                          [
                            37,
                            61
                          ]
                        ],
                        "level": 20
                      }
                    }
                  ],
                  [
                    "Block",
                    [
                      [
                        {
                          "Token": {
                            "kind": {
                              "Identifier": "L21"
                            },
                            "position": [
                              [
                                38,
                                61
                              ],
                              [
                                38,
                                64
                              ]
                            ],
                            "level": 21
                          }
                        }
                      ]
                    ]
                  ]
                ]
              ]
            ]
          ]
        ]
      ],
      [
        "Block",
        [
          [
            {
              "Token": {
                "kind": {
                  "Identifier": "L21_1"
                },
                "position": [
                  [
                    39,
                    61
                  ],
                  [
                    39,
                    66
                  ]
                ],
                "level": 21
              }
            }
          ],
          [
            "Block",
            [
              [
                {
                  "Token": {
                    "kind": {
                      "Identifier": "L22"
                    },
                    "position": [
                      [
                        40,
                        64
                      ],
                      [
                        40,
                        67
                      ]
                    ],
                    "level": 22
                  }
                }
              ],
              [
                "Block",
                [
                  [
                    {
                      "Token": {
                        "kind": {
                          "Identifier": "L23"
                        },
                        "position": [
                          [
                            41,
                            67
                          ],
                          [
                            41,
                            70
                          ]
                        ],
                        "level": 23
                      }
                    }
                  ],
                  [
                    "Block",
                    [
                      [
                        {
                          "Token": {
                            "kind": {
                              "Identifier": "L24"
                            },
                            "position": [
                              [
                                42,
                                70
                              ],
                              [
                                42,
                                73
                              ]
                            ],
                            "level": 24
                          }
                        }
                      ],
                      [
                        "Block",
                        [
                          [
                            {
                              "Token": {
                                "kind": {
                                  "Identifier": "L25"
                                },
                                "position": [
                                  [
                                    43,
                                    73
                                  ],
                                  [
                                    43,
                                    76
                                  ]
                                ],
                                "level": 25
                              }
                            }
                          ],
                          [
                            "Block",
                            [
                              [
                                {
                                  "Token": {
                                    "kind": {
                                      "Identifier": "L26"
                                    },
                                    "position": [
                                      [
                                        44,
                                        76
                                      ],
                                      [
                                        44,
                                        79
                                      ]
                                    ],
                                    "level": 26
                                  }
                                }
                              ],
                              [
                                "Block",
                                [
                                  [
                                    {
                                      "Token": {
                                        "kind": {
                                          "Identifier": "L27"
                                        },
                                        "position": [
                                          [
                                            45,
                                            79
                                          ],
                                          [
                                            45,
                                            82
                                          ]
                                        ],
                                        "level": 27
                                      }
                                    }
                                  ]
                                ]
                              ]
                            ]
                          ]
                        ]
                      ]
                    ]
                  ]
                ]
              ]
            ]
          ]
        ]
      ],
      [
        "Block",
        [
          [
            {
              "Token": {
                "kind": {
                  "Identifier": "L29"
                },
                "position": [
                  [
                    47,
                    85
                  ],
                  [
                    47,
                    88
                  ]
                ],
                "level": 29
              }
            }
          ],
          [
            "Block",
            [
              [
                {
                  "Token": {
                    "kind": {
                      "Identifier": "L30"
                    },
                    "position": [
                      [
                        48,
                        88
                      ],
                      [
                        48,
                        91
                      ]
                    ],
                    "level": 30
                  }
                }
              ],
              [
                "Block",
                [
                  [
                    {
                      "Token": {
                        "kind": {
                          "Identifier": "L31"
                        },
                        "position": [
                          [
                            49,
                            91
                          ],
                          [
                            49,
                            94
                          ]
                        ],
                        "level": 31
                      }
                    }
                  ],
                  [
                    "Block",
                    [
                      [
                        {
                          "Token": {
                            "kind": {
                              "Identifier": "L32"
                            },
                            "position": [
                              [
                                50,
                                94
                              ],
                              [
                                50,
                                97
                              ]
                            ],
                            "level": 32
                          }
                        }
                      ]
                    ]
                  ]
                ]
              ]
            ]
          ]
        ]
      ],
      [
        "Block",
        [
          [
            {
              "Token": {
                "kind": {
                  "Identifier": "L32_1"
                },
                "position": [
                  [
                    51,
                    94
                  ],
                  [
                    51,
                    99
                  ]
                ],
                "level": 32
              }
            }
          ]
        ]
      ]
    ]
  ]
]
