---
source: src/lib/ra_parser/src/tests.rs
expression: block_tree
---
{
  "kind": "Program",
  "children": [
    {
      "kind": {
        "Annotation": [
          {
            "kind": {
              "Identifier": "annotation"
            },
            "len": 10,
            "content": "annotation",
            "position": [
              [
                1,
                1
              ],
              [
                1,
                11
              ]
            ],
            "level": 0
          },
          null
        ]
      },
      "children": [],
      "first_token": {
        "kind": "HashPound",
        "len": 1,
        "content": "#",
        "position": [
          [
            1,
            0
          ],
          [
            1,
            1
          ]
        ],
        "level": 0
      }
    },
    {
      "kind": {
        "Annotation": [
          {
            "kind": {
              "Identifier": "media_context"
            },
            "len": 13,
            "content": "media_context",
            "position": [
              [
                3,
                1
              ],
              [
                3,
                14
              ]
            ],
            "level": 0
          },
          [
            {
              "kind": {
                "Identifier": "media_option"
              },
              "len": 12,
              "content": "media_option",
              "position": [
                [
                  3,
                  15
                ],
                [
                  3,
                  27
                ]
              ],
              "level": 0
            },
            null
          ]
        ]
      },
      "children": [],
      "first_token": {
        "kind": "HashPound",
        "len": 1,
        "content": "#",
        "position": [
          [
            3,
            0
          ],
          [
            3,
            1
          ]
        ],
        "level": 0
      }
    },
    {
      "kind": {
        "Annotation": [
          {
            "kind": {
              "Identifier": "ln"
            },
            "len": 2,
            "content": "ln",
            "position": [
              [
                5,
                1
              ],
              [
                5,
                3
              ]
            ],
            "level": 0
          },
          [
            {
              "kind": {
                "Identifier": "ru"
              },
              "len": 2,
              "content": "ru",
              "position": [
                [
                  5,
                  4
                ],
                [
                  5,
                  6
                ]
              ],
              "level": 0
            },
            null
          ]
        ]
      },
      "children": [
        {
          "kind": {
            "Content": [
              {
                "Body": "мяф"
              },
              null
            ]
          },
          "children": [],
          "first_token": {
            "kind": "ContentBlock",
            "len": 8,
            "content": "мяф",
            "position": [
              [
                5,
                7
              ],
              [
                5,
                12
              ]
            ],
            "level": 0
          }
        }
      ],
      "first_token": {
        "kind": "HashPound",
        "len": 1,
        "content": "#",
        "position": [
          [
            5,
            0
          ],
          [
            5,
            1
          ]
        ],
        "level": 0
      }
    }
  ],
  "first_token": {
    "kind": null,
    "len": 1,
    "content": "",
    "position": [
      [
        0,
        0
      ],
      [
        0,
        1
      ]
    ],
    "level": 0
  }
}
