---
source: src/lib/ra_parser/src/tests.rs
expression: block_tree
---
{
  "position": [
    [
      0,
      0
    ],
    [
      0,
      0
    ]
  ],
  "level": 0,
  "kind": "Program",
  "children": [
    {
      "position": [
        [
          1,
          0
        ],
        [
          1,
          11
        ]
      ],
      "level": 0,
      "kind": {
        "Expression": {
          "buffer": [],
          "kind": {
            "AnnotationExpression": [
              {
                "kind": {
                  "Identifier": "annotation"
                },
                "len": 10,
                "content": "annotation",
                "position": [
                  [
                    1,
                    1
                  ],
                  [
                    1,
                    11
                  ]
                ],
                "level": 0
              },
              null
            ]
          },
          "position": [
            [
              1,
              0
            ],
            [
              1,
              11
            ]
          ]
        }
      },
      "children": []
    },
    {
      "position": [
        [
          3,
          0
        ],
        [
          3,
          27
        ]
      ],
      "level": 0,
      "kind": {
        "Expression": {
          "buffer": [],
          "kind": {
            "AnnotationExpression": [
              {
                "kind": {
                  "Identifier": "media_context"
                },
                "len": 13,
                "content": "media_context",
                "position": [
                  [
                    3,
                    1
                  ],
                  [
                    3,
                    14
                  ]
                ],
                "level": 0
              },
              [
                {
                  "kind": {
                    "Identifier": "media_option"
                  },
                  "len": 12,
                  "content": "media_option",
                  "position": [
                    [
                      3,
                      15
                    ],
                    [
                      3,
                      27
                    ]
                  ],
                  "level": 0
                },
                null
              ]
            ]
          },
          "position": [
            [
              3,
              0
            ],
            [
              3,
              27
            ]
          ]
        }
      },
      "children": []
    }
  ]
}
