---
source: src/lib/ra_parser/src/tests.rs
expression: ast
---
[
  [
    "Root"
  ]
]
