---
source: src/lib/ra_parser/src/tests.rs
expression: formatted_errors
---
[2:3] Expected [[Colon]] got token Some(OpenCurlyBrace), { at [2:3] -> 0, 
 
[3:10] Unexpected token Some(Dot), . at [3:10] -> 1, 
 
[3:11] Unexpected token Some(Identifier("publisher")), publisher at [3:11] -> 1, 
 
[4:0] Expected [[Identifier(""), Float(0.0), Int(0), OpenParentheses, Exclamation, Plus, Greater, ContentBlock, At, Colon, OpenCurlyBrace, HashPound]] got token Some(CloseCurlyBrace), } at [4:0] -> 0, 
 
[4:1] Expected [[Identifier(""), Float(0.0), Int(0), OpenParentheses, Exclamation, Plus, Greater, ContentBlock, At, Colon, OpenCurlyBrace, HashPound]] got token Some(CloseCurlyBrace), } at [4:1] -> 0, 
 
[9:11] Expected [[Identifier(""), Int(0), Float(0.0), StringLiteral(""), OpenParentheses]] got token Some(Colon), : at [9:11] -> 1, 
 
[9:24] Expected [[Identifier(""), Int(0), Float(0.0), StringLiteral(""), OpenParentheses]] got token Some(ContentBlock), Name at [9:24] -> 1, 
 
[12:23] Expected [[Identifier(""), Equals]] got token Some(Int(100)), 100 at [12:23] -> 3, 
 
[13:14] Expected [[Identifier(""), Int(0), Float(0.0), StringLiteral(""), OpenParentheses]] got token Some(Greater), > at [13:14] -> 1, 
 
[13:16] Expected [[Identifier(""), Int(0), Float(0.0), StringLiteral(""), OpenParentheses]] got token Some(Colon), : at [13:16] -> 1, 
 
[13:29] Expected [[Identifier(""), Int(0), Float(0.0), StringLiteral(""), OpenParentheses]] got token Some(At), @ at [13:29] -> 1, 
 
Invalid expression at [13:39], 
 
Invalid expression at [13:40], 
 
[15:18] Expected [[Identifier(""), Equals]] got token Some(Int(1)), 1 at [15:18] -> 2, 
 
[17:10] Expected [[Colon]] got token Some(Identifier("ingredient")), ingredient at [17:10] -> 2, 
 
[24:27] Expected [[Identifier(""), Equals]] got token Some(Int(100)), 100 at [24:27] -> 4, 
 
[25:11] Expected [[Identifier(""), Int(0), Float(0.0), StringLiteral(""), OpenParentheses]] got token Some(Greater), > at [25:11] -> 1, 
 
[28:17] Expected [[Identifier(""), Equals]] got token Some(At), @ at [28:17] -> 2, 
 
[32:17] Expected [[Identifier(""), Equals]] got token Some(At), @ at [32:17] -> 2, 
 
[36:17] Expected [[Identifier(""), Equals]] got token Some(At), @ at [36:17] -> 2, 
 
[40:9] Expected [[Colon]] got token Some(Identifier("preparationSteps")), preparationSteps at [40:9] -> 2, 
 
[51:39] Expected [[Dot]] got token Some(Coma), , at [51:39] -> 4, 
 
